 addon

 Timestamp is 5b0e4faa (Wed May 30 10:15:54 2018)

 Preferred load address is 0000000180000000

 Start         Length     Name                   Class
 0001:00000000 0000a770H .text$mn                CODE
 0001:0000a770 000000e0H .text$mn$00             CODE
 0001:0000a850 00000240H .text$x                 CODE
 0002:00000000 00000240H .idata$5                DATA
 0002:00000240 00000020H .00cfg                  DATA
 0002:00000260 00000008H .CRT$XCA                DATA
 0002:00000268 00000008H .CRT$XCU                DATA
 0002:00000270 00000008H .CRT$XCZ                DATA
 0002:00000278 00000008H .CRT$XIA                DATA
 0002:00000280 00000018H .CRT$XIC                DATA
 0002:00000298 00000008H .CRT$XIZ                DATA
 0002:000002a0 00000008H .CRT$XPA                DATA
 0002:000002a8 00000010H .CRT$XPX                DATA
 0002:000002b8 00000008H .CRT$XPXA               DATA
 0002:000002c0 00000008H .CRT$XPZ                DATA
 0002:000002c8 00000008H .CRT$XTA                DATA
 0002:000002d0 00000010H .CRT$XTZ                DATA
 0002:000002d8 00000000H .gfids$y                DATA
 0002:000002e0 000070e8H .rdata                  DATA
 0002:000073c8 00000000H .rdata$r                DATA
 0002:000073c8 00000380H .rdata$zzzdbg           DATA
 0002:00007748 00000008H .rtc$IAA                DATA
 0002:00007750 00000008H .rtc$IZZ                DATA
 0002:00007758 00000008H .rtc$TAA                DATA
 0002:00007760 00000008H .rtc$TZZ                DATA
 0002:00007768 00000ad4H .xdata                  DATA
 0002:0000823c 00000020H .didat$2                DATA
 0002:0000825c 00000024H .didat$3                DATA
 0002:00008280 00000050H .didat$4                DATA
 0002:000082d0 00000270H .didat$6                DATA
 0002:00008540 00000050H .didat$7                DATA
 0002:00008590 00000050H .edata                  DATA
 0002:000085e0 00000014H .idata$2                DATA
 0002:000085f4 00000014H .idata$3                DATA
 0002:00008608 00000240H .idata$4                DATA
 0002:00008848 0000053aH .idata$6                DATA
 0003:00000000 00000930H .data                   DATA
 0003:00000930 00000000H .data$r                 DATA
 0003:00000930 00000050H .didat$5                DATA
 0003:00000980 000011e8H .bss                    DATA
 0004:00000000 00000d80H .pdata                  DATA
 0005:00000000 00000060H .rsrc$01                DATA
 0005:00000060 00000180H .rsrc$02                DATA

  Address         Publics by Value              Rva+Base               Lib:Object

 0000:00000000       __guard_iat_count          0000000000000000     <absolute>
 0000:00000000       __dynamic_value_reloc_table 0000000000000000     <absolute>
 0000:00000000       __hybrid_code_map          0000000000000000     <absolute>
 0000:00000000       __hybrid_code_map_count    0000000000000000     <absolute>
 0000:00000000       __guard_iat_table          0000000000000000     <absolute>
 0000:00000000       __hybrid_auxiliary_iat     0000000000000000     <absolute>
 0000:00000000       __guard_longjmp_table      0000000000000000     <absolute>
 0000:00000000       __guard_longjmp_count      0000000000000000     <absolute>
 0000:00000000       __guard_fids_count         0000000000000000     <absolute>
 0000:00000000       __enclave_config           0000000000000000     <absolute>
 0000:00000000       ___safe_se_handler_table   0000000000000000     <absolute>
 0000:00000000       ___safe_se_handler_count   0000000000000000     <absolute>
 0000:00000000       __guard_fids_table         0000000000000000     <absolute>
 0000:00000100       __guard_flags              0000000000000100     <absolute>
 0000:00000000       __ImageBase                0000000180000000     <linker-defined>
 0001:00000000       ?NODE_SET_METHOD@node@@YAXV?$Local@VObject@v8@@@v8@@PEBDP6AXAEBV?$FunctionCallbackInfo@VValue@v8@@@3@@Z@Z 0000000180001000 f i hello.obj
 0001:000000d0       ?SayHello@demo@@YAXAEBV?$FunctionCallbackInfo@VValue@v8@@@v8@@@Z 00000001800010d0 f   hello.obj
 0001:00000120       ?SellCrack@demo@@YAXAEBV?$FunctionCallbackInfo@VValue@v8@@@v8@@@Z 0000000180001120 f   hello.obj
 0001:00000170       ?init@demo@@YAXV?$Local@VObject@v8@@@v8@@@Z 0000000180001170 f   hello.obj
 0001:0000020c       __imp_load_?GetCurrent@Isolate@v8@@SAPEAV12@XZ 000000018000120c f   node:node.exe
 0001:00000218       __tailMerge_node_exe       0000000180001218     node:node.exe
 0001:00000291       __imp_load_??1HandleScope@v8@@QEAA@XZ 0000000180001291 f   node:node.exe
 0001:0000029d       __imp_load_??0HandleScope@v8@@QEAA@PEAVIsolate@1@@Z 000000018000129d f   node:node.exe
 0001:000002a9       __imp_load_?GetFunction@FunctionTemplate@v8@@QEAA?AV?$Local@VFunction@v8@@@2@XZ 00000001800012a9 f   node:node.exe
 0001:000002b5       __imp_load_?New@FunctionTemplate@v8@@SA?AV?$Local@VFunctionTemplate@v8@@@2@PEAVIsolate@2@P6AXAEBV?$FunctionCallbackInfo@VValue@v8@@@2@@ZV?$Local@VValue@v8@@@2@V?$Local@VSignature@v8@@@2@HW4ConstructorBehavior@2@@Z 00000001800012b5 f   node:node.exe
 0001:000002c1       __imp_load_?NewFromUtf8@String@v8@@SA?AV?$Local@VString@v8@@@2@PEAVIsolate@2@PEBDW4NewStringType@12@H@Z 00000001800012c1 f   node:node.exe
 0001:000002cd       __imp_load_?Set@Object@v8@@QEAA_NV?$Local@VValue@v8@@@2@0@Z 00000001800012cd f   node:node.exe
 0001:000002d9       __imp_load_?SetName@Function@v8@@QEAAXV?$Local@VString@v8@@@2@@Z 00000001800012d9 f   node:node.exe
 0001:000002e5       __imp_load_node_module_register 00000001800012e5 f   node:node.exe
 0001:00000310       __security_check_cookie    0000000180001310 f   LIBCMT:_amdsecgs_.obj
 0001:00000670       _DllMainCRTStartup         0000000180001670 f   LIBCMT:dll_dllmain.obj
 0001:000006b0       __raise_securityfailure    00000001800016b0 f   LIBCMT:gs_report.obj
 0001:000006e4       __report_gsfailure         00000001800016e4 f   LIBCMT:gs_report.obj
 0001:000007b8       __report_rangecheckfailure 00000001800017b8 f   LIBCMT:gs_report.obj
 0001:000007cc       __report_securityfailure   00000001800017cc f   LIBCMT:gs_report.obj
 0001:0000094c       __security_init_cookie     000000018000194c f   LIBCMT:gs_support.obj
 0001:000009f8       DllMain                    00000001800019f8 f   LIBCMT:dll_dllmain_stub.obj
 0001:000009f8       _get_startup_argv_mode     00000001800019f8 f   LIBCMT:argv_mode.obj
 0001:00000a00       ?__scrt_initialize_type_info@@YAXXZ 0000000180001a00 f   LIBCMT:tncleanup.obj
 0001:00000a10       ?__scrt_uninitialize_type_info@@YAXXZ 0000000180001a10 f   LIBCMT:tncleanup.obj
 0001:00000a1c       __local_stdio_printf_options 0000000180001a1c f i LIBCMT:default_local_stdio_options.obj
 0001:00000a24       __local_stdio_scanf_options 0000000180001a24 f i LIBCMT:default_local_stdio_options.obj
 0001:00000a2c       __scrt_initialize_default_local_stdio_options 0000000180001a2c f   LIBCMT:default_local_stdio_options.obj
 0001:00000a48       __scrt_acquire_startup_lock 0000000180001a48 f   LIBCMT:utility.obj
 0001:00000a84       __scrt_dllmain_after_initialize_c 0000000180001a84 f   LIBCMT:utility.obj
 0001:00000ab8       __scrt_dllmain_before_initialize_c 0000000180001ab8 f   LIBCMT:utility.obj
 0001:00000ad0       __scrt_dllmain_crt_thread_attach 0000000180001ad0 f   LIBCMT:utility.obj
 0001:00000af8       __scrt_dllmain_crt_thread_detach 0000000180001af8 f   LIBCMT:utility.obj
 0001:00000b10       __scrt_dllmain_exception_filter 0000000180001b10 f   LIBCMT:utility.obj
 0001:00000b74       __scrt_dllmain_uninitialize_c 0000000180001b74 f   LIBCMT:utility.obj
 0001:00000ba4       __scrt_dllmain_uninitialize_critical 0000000180001ba4 f   LIBCMT:utility.obj
 0001:00000bb8       __scrt_initialize_crt      0000000180001bb8 f   LIBCMT:utility.obj
 0001:00000c04       __scrt_initialize_onexit_tables 0000000180001c04 f   LIBCMT:utility.obj
 0001:00000ce4       __scrt_is_nonwritable_in_current_image 0000000180001ce4 f   LIBCMT:utility.obj
 0001:00000d80       __scrt_release_startup_lock 0000000180001d80 f   LIBCMT:utility.obj
 0001:00000da4       __scrt_uninitialize_crt    0000000180001da4 f   LIBCMT:utility.obj
 0001:00000dd0       __scrt_get_dyn_tls_init_callback 0000000180001dd0 f   LIBCMT:dyn_tls_init.obj
 0001:00000dd8       __crt_debugger_hook        0000000180001dd8 f   LIBCMT:utility_desktop.obj
 0001:00000de0       __scrt_fastfail            0000000180001de0 f   LIBCMT:utility_desktop.obj
 0001:00000f2c       _RTC_Initialize            0000000180001f2c f   LIBCMT:_initsect_.obj
 0001:00000f78       _RTC_Terminate             0000000180001f78 f   LIBCMT:_initsect_.obj
 0001:00000fc4       _guard_check_icall         0000000180001fc4 f i LIBCMT:checkcfg.obj
 0001:00000fcc       __isa_available_init       0000000180001fcc f   LIBCMT:_cpu_disp_.obj
 0001:00001188       __scrt_is_ucrt_dll_in_use  0000000180002188 f   LIBCMT:ucrt_detection.obj
 0001:00001194       _guard_check_icall_nop     0000000180002194 f i LIBCMT:guard_support.obj
 0001:000011a0       __C_specific_handler       00000001800021a0 f   libvcruntime:_riscchandler_.obj
 0001:0000139c       __std_type_info_destroy_list 000000018000239c f   libvcruntime:std_type_info.obj
 0001:000013c8       __vcrt_initialize          00000001800023c8 f   libvcruntime:initialization.obj
 0001:000013fc       __vcrt_thread_attach       00000001800023fc f   libvcruntime:initialization.obj
 0001:00001410       __vcrt_thread_detach       0000000180002410 f   libvcruntime:initialization.obj
 0001:00001424       __vcrt_uninitialize        0000000180002424 f   libvcruntime:initialization.obj
 0001:00001444       __vcrt_uninitialize_critical 0000000180002444 f   libvcruntime:initialization.obj
 0001:00001470       memset                     0000000180002470 f   libvcruntime:memset.obj
 0001:00001630       _local_unwind              0000000180002630 f   libvcruntime:_jmpuwind_.obj
 0001:00001660       _NLG_Notify                0000000180002660 f   libvcruntime:_jmpuwind_.obj
 0001:00001680       __NLG_Dispatch2            0000000180002680 f   libvcruntime:_jmpuwind_.obj
 0001:00001690       __NLG_Return2              0000000180002690 f   libvcruntime:_jmpuwind_.obj
 0001:00001694       __except_validate_context_record 0000000180002694 f   libvcruntime:jbcxrval.obj
 0001:000016cc       __vcrt_freefls             00000001800026cc f   libvcruntime:per_thread_data.obj
 0001:000016ec       __vcrt_freeptd             00000001800026ec f   libvcruntime:per_thread_data.obj
 0001:0000173c       __vcrt_getptd_noexit       000000018000273c f   libvcruntime:per_thread_data.obj
 0001:000017f4       __vcrt_initialize_ptd      00000001800027f4 f   libvcruntime:per_thread_data.obj
 0001:00001834       __vcrt_uninitialize_ptd    0000000180002834 f   libvcruntime:per_thread_data.obj
 0001:00001858       __vcrt_initialize_locks    0000000180002858 f   libvcruntime:locks.obj
 0001:000018a0       __vcrt_uninitialize_locks  00000001800028a0 f   libvcruntime:locks.obj
 0001:00001ab0       __vcrt_FlsAlloc            0000000180002ab0 f   libvcruntime:winapi_downlevel.obj
 0001:00001b04       __vcrt_FlsFree             0000000180002b04 f   libvcruntime:winapi_downlevel.obj
 0001:00001b58       __vcrt_FlsGetValue         0000000180002b58 f   libvcruntime:winapi_downlevel.obj
 0001:00001bac       __vcrt_FlsSetValue         0000000180002bac f   libvcruntime:winapi_downlevel.obj
 0001:00001c14       __vcrt_InitializeCriticalSectionEx 0000000180002c14 f   libvcruntime:winapi_downlevel.obj
 0001:00001c8c       __vcrt_initialize_winapi_thunks 0000000180002c8c f   libvcruntime:winapi_downlevel.obj
 0001:00001cd0       __vcrt_uninitialize_winapi_thunks 0000000180002cd0 f   libvcruntime:winapi_downlevel.obj
 0001:00001d10       __vcrt_initialize_pure_virtual_call_handler 0000000180002d10 f   libvcruntime:purevirt_data.obj
 0001:00001d34       ??0_LocaleUpdate@@QEAA@QEAU__crt_locale_pointers@@@Z 0000000180002d34 f i libucrt:stricmp.obj
 0001:00001dc4       __ascii_stricmp            0000000180002dc4 f   libucrt:stricmp.obj
 0001:00001e00       _stricmp                   0000000180002e00 f   libucrt:stricmp.obj
 0001:00001e48       _stricmp_l                 0000000180002e48 f   libucrt:stricmp.obj
 0001:00001efc       _initterm                  0000000180002efc f   libucrt:initterm.obj
 0001:00001f60       _initterm_e                0000000180002f60 f   libucrt:initterm.obj
 0001:00001fa0       _seh_filter_dll            0000000180002fa0 f   libucrt:exception_filter.obj
 0001:00001fb4       _seh_filter_exe            0000000180002fb4 f   libucrt:exception_filter.obj
 0001:000023c0       __acrt_initialize_thread_local_exit_callback 00000001800033c0 f   libucrt:exit.obj
 0001:000023c8       _cexit                     00000001800033c8 f   libucrt:exit.obj
 0001:000023d8       _exit                      00000001800033d8 f   libucrt:exit.obj
 0001:000023e4       _is_c_termination_complete 00000001800033e4 f   libucrt:exit.obj
 0001:000025a8       __acrt_allocate_buffer_for_argv 00000001800035a8 f   libucrt:argv_parsing.obj
 0001:00002608       _configure_narrow_argv     0000000180003608 f   libucrt:argv_parsing.obj
 0001:00002984       __dcrt_uninitialize_environments_nolock 0000000180003984 f   libucrt:environment_initialization.obj
 0001:000029bc       _initialize_narrow_environment 00000001800039bc f   libucrt:environment_initialization.obj
 0001:00002b4c       _execute_onexit_table      0000000180003b4c f   libucrt:onexit.obj
 0001:00002b88       _initialize_onexit_table   0000000180003b88 f   libucrt:onexit.obj
 0001:00002cfc       __acrt_initialize          0000000180003cfc f   libucrt:initialization.obj
 0001:00002d10       __acrt_thread_attach       0000000180003d10 f   libucrt:initialization.obj
 0001:00002d24       __acrt_thread_detach       0000000180003d24 f   libucrt:initialization.obj
 0001:00002d34       __acrt_uninitialize        0000000180003d34 f   libucrt:initialization.obj
 0001:00002d48       __acrt_uninitialize_critical 0000000180003d48 f   libucrt:initialization.obj
 0001:00002d58       terminate                  0000000180003d58 f   libucrt:terminate.obj
 0001:00002d78       _free_base                 0000000180003d78 f   libucrt:free_base.obj
 0001:00002db8       _malloc_base               0000000180003db8 f   libucrt:malloc_base.obj
 0001:00002e18       strcpy_s                   0000000180003e18 f   libucrt:strcpy_s.obj
 0001:00002e78       abort                      0000000180003e78 f   libucrt:abort.obj
 0001:00002ed0       _calloc_base               0000000180003ed0 f   libucrt:calloc_base.obj
 0001:00002f48       wcsncmp                    0000000180003f48 f   libucrt:wcsncmp.obj
 0001:00002f74       __acrt_call_reportfault    0000000180003f74 f   libucrt:invalid_parameter.obj
 0001:000030d0       __acrt_initialize_invalid_parameter_handler 00000001800040d0 f   libucrt:invalid_parameter.obj
 0001:000030d8       _invalid_parameter         00000001800040d8 f   libucrt:invalid_parameter.obj
 0001:00003188       _invalid_parameter_noinfo  0000000180004188 f   libucrt:invalid_parameter.obj
 0001:000031a8       _invoke_watson             00000001800041a8 f   libucrt:invalid_parameter.obj
 0001:000031f0       __acrt_errno_from_os_error 00000001800041f0 f   libucrt:errno.obj
 0001:00003238       __acrt_errno_map_os_error  0000000180004238 f   libucrt:errno.obj
 0001:00003288       __doserrno                 0000000180004288 f   libucrt:errno.obj
 0001:000032a8       _errno                     00000001800042a8 f   libucrt:errno.obj
 0001:0000330c       _tolower_l                 000000018000430c f   libucrt:tolower_toupper.obj
 0001:000037c4       __acrt_freeptd             00000001800047c4 f   libucrt:per_thread_data.obj
 0001:00003808       __acrt_getptd              0000000180004808 f   libucrt:per_thread_data.obj
 0001:000038d4       __acrt_getptd_head         00000001800048d4 f   libucrt:per_thread_data.obj
 0001:0000397c       __acrt_getptd_noexit       000000018000497c f   libucrt:per_thread_data.obj
 0001:00003a4c       __acrt_initialize_ptd      0000000180004a4c f   libucrt:per_thread_data.obj
 0001:00003a88       __acrt_uninitialize_ptd    0000000180004a88 f   libucrt:per_thread_data.obj
 0001:00003aac       __acrt_update_locale_info  0000000180004aac f   libucrt:locale_update.obj
 0001:00003ae0       __acrt_update_multibyte_info 0000000180004ae0 f   libucrt:locale_update.obj
 0001:00003b84       __acrt_set_locale_changed  0000000180004b84 f   libucrt:wsetlocale.obj
 0001:00003b90       __acrt_uninitialize_locale 0000000180004b90 f   libucrt:wsetlocale.obj
 0001:00003bc0       __acrt_initialize_locks    0000000180004bc0 f   libucrt:locks.obj
 0001:00003c08       __acrt_lock                0000000180004c08 f   libucrt:locks.obj
 0001:00003c24       __acrt_uninitialize_locks  0000000180004c24 f   libucrt:locks.obj
 0001:00003c5c       __acrt_unlock              0000000180004c5c f   libucrt:locks.obj
 0001:00003c78       __acrt_get_process_end_policy 0000000180004c78 f   libucrt:win_policies.obj
 0001:00004218       __acrt_expand_narrow_argv_wildcards 0000000180005218 f   libucrt:argv_wildcards.obj
 0001:00004964       __acrt_initialize_multibyte 0000000180005964 f   libucrt:mbctype.obj
 0001:000049c4       __acrt_update_thread_multibyte_data 00000001800059c4 f   libucrt:mbctype.obj
 0001:000049e0       _setmbcp_nolock            00000001800059e0 f   libucrt:mbctype.obj
 0001:00004cf8       _ismbblead                 0000000180005cf8 f   libucrt:ismbbyte.obj
 0001:00004d0c       __acrt_initialize_command_line 0000000180005d0c f   libucrt:argv_data.obj
 0001:00004d34       __acrt_uninitialize_command_line 0000000180005d34 f   libucrt:argv_data.obj
 0001:00004d38       __dcrt_get_narrow_environment_from_os 0000000180005d38 f   libucrt:get_environment_from_os.obj
 0001:00004e3c       _recalloc                  0000000180005e3c f   libucrt:recalloc.obj
 0001:00004e44       _recalloc_base             0000000180005e44 f   libucrt:recalloc.obj
 0001:000050b4       __acrt_AppPolicyGetProcessTerminationMethodInternal 00000001800060b4 f   libucrt:winapi_thunks.obj
 0001:00005104       __acrt_FlsAlloc            0000000180006104 f   libucrt:winapi_thunks.obj
 0001:0000514c       __acrt_FlsFree             000000018000614c f   libucrt:winapi_thunks.obj
 0001:00005194       __acrt_FlsGetValue         0000000180006194 f   libucrt:winapi_thunks.obj
 0001:000051dc       __acrt_FlsSetValue         00000001800061dc f   libucrt:winapi_thunks.obj
 0001:00005230       __acrt_InitializeCriticalSectionEx 0000000180006230 f   libucrt:winapi_thunks.obj
 0001:00005294       __acrt_LCMapStringEx       0000000180006294 f   libucrt:winapi_thunks.obj
 0001:00005370       __acrt_LocaleNameToLCID    0000000180006370 f   libucrt:winapi_thunks.obj
 0001:000053c0       __acrt_initialize_winapi_thunks 00000001800063c0 f   libucrt:winapi_thunks.obj
 0001:00005408       __acrt_uninitialize_winapi_thunks 0000000180006408 f   libucrt:winapi_thunks.obj
 0001:0000544c       __acrt_initialize_heap     000000018000644c f   libucrt:heap_handle.obj
 0001:00005468       __acrt_uninitialize_heap   0000000180006468 f   libucrt:heap_handle.obj
 0001:0000565c       __acrt_initialize_lowio    000000018000665c f   libucrt:ioinit.obj
 0001:00005698       __acrt_uninitialize_lowio  0000000180006698 f   libucrt:ioinit.obj
 0001:000056d8       __acrt_execute_initializers 00000001800066d8 f   libucrt:shared_initialization.obj
 0001:00005758       __acrt_execute_uninitializers 0000000180006758 f   libucrt:shared_initialization.obj
 0001:00005798       __acrt_initialize_new_handler 0000000180006798 f   libucrt:new_handler.obj
 0001:000057a0       _callnewh                  00000001800067a0 f   libucrt:new_handler.obj
 0001:000057d0       _query_new_handler         00000001800067d0 f   libucrt:new_handler.obj
 0001:0000584c       __acrt_get_sigabrt_handler 000000018000684c f   libucrt:signal.obj
 0001:0000587c       __acrt_initialize_signal_handlers 000000018000687c f   libucrt:signal.obj
 0001:0000589c       raise                      000000018000689c f   libucrt:signal.obj
 0001:00005b10       __acrt_has_user_matherr    0000000180006b10 f   libucrt:matherr.obj
 0001:00005b30       __acrt_initialize_user_matherr 0000000180006b30 f   libucrt:matherr.obj
 0001:00005b38       __acrt_invoke_user_matherr 0000000180006b38 f   libucrt:matherr.obj
 0001:00005b68       _query_new_mode            0000000180006b68 f   libucrt:new_mode.obj
 0001:00005b70       _mbtowc_l                  0000000180006b70 f   libucrt:mbtowc.obj
 0001:00005cb8       mbtowc                     0000000180006cb8 f   libucrt:mbtowc.obj
 0001:00005cc0       _fileno                    0000000180006cc0 f   libucrt:fileno.obj
 0001:00005ce8       __acrt_initialize_stdio    0000000180006ce8 f   libucrt:_file.obj
 0001:00005e08       __acrt_uninitialize_stdio  0000000180006e08 f   libucrt:_file.obj
 0001:00005e64       _lock_file                 0000000180006e64 f   libucrt:_file.obj
 0001:00005e70       _unlock_file               0000000180006e70 f   libucrt:_file.obj
 0001:00005e7c       __pctype_func              0000000180006e7c f   libucrt:ctype.obj
 0001:00005eac       _isctype_l                 0000000180006eac f   libucrt:isctype.obj
 0001:00005fbc       _isleadbyte_l              0000000180006fbc f i libucrt:_wctype.obj
 0001:00006350       __acrt_LCMapStringA        0000000180007350 f   libucrt:lcmapstringa.obj
 0001:000063e8       __acrt_add_locale_ref      00000001800073e8 f   libucrt:locale_refcounting.obj
 0001:00006474       __acrt_free_locale         0000000180007474 f   libucrt:locale_refcounting.obj
 0001:000065ec       __acrt_locale_add_lc_time_reference 00000001800075ec f   libucrt:locale_refcounting.obj
 0001:00006614       __acrt_locale_free_lc_time_if_unreferenced 0000000180007614 f   libucrt:locale_refcounting.obj
 0001:0000664c       __acrt_locale_release_lc_time_reference 000000018000764c f   libucrt:locale_refcounting.obj
 0001:00006674       __acrt_release_locale_ref  0000000180007674 f   libucrt:locale_refcounting.obj
 0001:0000671c       __acrt_update_thread_locale_data 000000018000771c f   libucrt:locale_refcounting.obj
 0001:0000678c       _updatetlocinfoEx_nolock   000000018000778c f   libucrt:locale_refcounting.obj
 0001:000067f4       __acrt_locale_free_monetary 00000001800077f4 f   libucrt:initmon.obj
 0001:00006900       __acrt_locale_free_numeric 0000000180007900 f   libucrt:initnum.obj
 0001:000069c4       __acrt_locale_free_time    00000001800079c4 f   libucrt:inittime.obj
 0001:00006acc       __acrt_GetStringTypeA      0000000180007acc f   libucrt:getstringtypea.obj
 0001:00006d40       qsort                      0000000180007d40 f   libucrt:qsort.obj
 0001:00007090       strncpy_s                  0000000180008090 f   libucrt:strncpy_s.obj
 0001:00007164       strpbrk                    0000000180008164 f   libucrt:strpbrk.obj
 0001:00007204       _mbsdec                    0000000180008204 f   libucrt:mbsdec.obj
 0001:0000720c       _mbsdec_l                  000000018000820c f   libucrt:mbsdec.obj
 0001:000072bc       _msize                     00000001800082bc f   libucrt:msize.obj
 0001:000072c4       _msize_base                00000001800082c4 f   libucrt:msize.obj
 0001:00007300       _realloc_base              0000000180008300 f   libucrt:realloc_base.obj
 0001:00007444       __acrt_DownlevelLocaleNameToLCID 0000000180008444 f   libucrt:lcidtoname_downlevel.obj
 0001:00007478       __acrt_lowio_create_handle_array 0000000180008478 f   libucrt:osfinfo.obj
 0001:00007510       __acrt_lowio_destroy_handle_array 0000000180008510 f   libucrt:osfinfo.obj
 0001:00007560       __acrt_lowio_ensure_fh_exists 0000000180008560 f   libucrt:osfinfo.obj
 0001:00007608       __acrt_lowio_lock_fh       0000000180008608 f   libucrt:osfinfo.obj
 0001:0000762c       __acrt_lowio_unlock_fh     000000018000862c f   libucrt:osfinfo.obj
 0001:00007650       _free_osfhnd               0000000180008650 f   libucrt:osfinfo.obj
 0001:00007718       _get_osfhandle             0000000180008718 f   libucrt:osfinfo.obj
 0001:00007790       _isatty                    0000000180008790 f   libucrt:isatty.obj
 0001:000079d4       __acrt_stdio_flush_nolock  00000001800089d4 f   libucrt:fflush.obj
 0001:00007a50       _fflush_nolock             0000000180008a50 f   libucrt:fflush.obj
 0001:00007a9c       _flushall                  0000000180008a9c f   libucrt:fflush.obj
 0001:00007aa4       _fcloseall                 0000000180008aa4 f   libucrt:closeall.obj
 0001:00007b58       __acrt_stdio_free_buffer_nolock 0000000180008b58 f   libucrt:_freebuf.obj
 0001:00007b98       __strncnt                  0000000180008b98 f   libucrt:strncnt.obj
 0001:00007bb0       _query_app_type            0000000180008bb0 f   libucrt:report_runtime_error.obj
 0001:00007c44       _commit                    0000000180008c44 f   libucrt:commit.obj
 0001:00008374       _write                     0000000180009374 f   libucrt:write.obj
 0001:00008474       _write_nolock              0000000180009474 f   libucrt:write.obj
 0001:00008710       log10                      0000000180009710 f   libucrt:log10.obj
 0001:00008d58       _lseeki64_nolock           0000000180009d58 f   libucrt:lseek.obj
 0001:00008d60       _fclose_nolock             0000000180009d60 f   libucrt:fclose.obj
 0001:00008de4       fclose                     0000000180009de4 f   libucrt:fclose.obj
 0001:00008e48       _putwch_nolock             0000000180009e48 f   libucrt:putwch.obj
 0001:00008fa8       _handle_error              0000000180009fa8 f   libucrt:libm_error.obj
 0001:000090d0       __acrt_initialize_fma3     000000018000a0d0 f   libucrt:fma3_available.obj
 0001:00009140       _log10_special             000000018000a140 f   libucrt:log_special.obj
 0001:0000926c       _close                     000000018000a26c f   libucrt:close.obj
 0001:00009310       _close_nolock              000000018000a310 f   libucrt:close.obj
 0001:000093cc       ?__acrt_stdio_free_stream@@YAXV__crt_stdio_stream@@@Z 000000018000a3cc f   libucrt:stream.obj
 0001:000093e8       __dcrt_lowio_ensure_console_output_initialized 000000018000a3e8 f   libucrt:initcon.obj
 0001:0000943c       __dcrt_terminate_console_output 000000018000a43c f   libucrt:initcon.obj
 0001:00009458       __dcrt_write_console_w     000000018000a458 f   libucrt:initcon.obj
 0001:00009530       _get_fpsr                  000000018000a530 f   libucrt:fpsr.obj
 0001:00009540       _set_fpsr                  000000018000a540 f   libucrt:fpsr.obj
 0001:0000954a       _fclrf                     000000018000a54a f   libucrt:fpsr.obj
 0001:0000955e       _frnd                      000000018000a55e f   libucrt:fpsr.obj
 0001:00009580       _raise_exc                 000000018000a580 f   libucrt:fpexcept.obj
 0001:000095a8       _raise_exc_ex              000000018000a5a8 f   libucrt:fpexcept.obj
 0001:000098b0       _set_errno_from_matherr    000000018000a8b0 f   libucrt:fpexcept.obj
 0001:000098e0       _clrfp                     000000018000a8e0 f   libucrt:fpctrl.obj
 0001:00009900       _ctrlfp                    000000018000a900 f   libucrt:fpctrl.obj
 0001:0000997c       _set_statfp                000000018000a97c f   libucrt:fpctrl.obj
 0001:0000999c       _statfp                    000000018000a99c f   libucrt:fpctrl.obj
 0001:000099ad       IsProcessorFeaturePresent  000000018000a9ad f   kernel32:KERNEL32.dll
 0001:000099b3       RtlUnwindEx                000000018000a9b3 f   kernel32:KERNEL32.dll
 0001:000099bc       ?DloadAcquireSectionWriteAccess@@YAXXZ 000000018000a9bc f i DelayImp:delayhlp.obj
 0001:00009a78       ?DloadGetSRWLockFunctionPointers@@YAEXZ 000000018000aa78 f i DelayImp:delayhlp.obj
 0001:00009b14       ?DloadMakePermanentImageCommit@@YAXPEAX_K@Z 000000018000ab14 f i DelayImp:delayhlp.obj
 0001:00009ba8       ?DloadObtainSection@@YAPEAXPEAK0@Z 000000018000aba8 f i DelayImp:delayhlp.obj
 0001:00009c3c       ?DloadProtectSection@@YAXKPEAK@Z 000000018000ac3c f i DelayImp:delayhlp.obj
 0001:00009ccc       ?DloadReleaseSectionWriteAccess@@YAXXZ 000000018000accc f i DelayImp:delayhlp.obj
 0001:00009d70       __delayLoadHelper2         000000018000ad70 f   DelayImp:delayhlp.obj
 0001:0000a070       _FindPESection             000000018000b070 f   LIBCMT:pesect.obj
 0001:0000a0c0       _IsNonwritableInCurrentImage 000000018000b0c0 f   LIBCMT:pesect.obj
 0001:0000a110       _ValidateImageBase         000000018000b110 f   LIBCMT:pesect.obj
 0001:0000a140       __GSHandlerCheck           000000018000b140 f   LIBCMT:_gshandler_.obj
 0001:0000a160       __GSHandlerCheckCommon     000000018000b160 f   LIBCMT:_gshandler_.obj
 0001:0000a1d0       __chkstk                   000000018000b1d0 f   LIBCMT:_chkstk_.obj
 0001:0000a1d0       _alloca_probe              000000018000b1d0 f   LIBCMT:_chkstk_.obj
 0001:0000a240       memmove                    000000018000b240 f   libvcruntime:memcpy.obj
 0001:0000a240       memcpy                     000000018000b240 f   libvcruntime:memcpy.obj
 0001:0000a6a0       memcmp                     000000018000b6a0 f   libvcruntime:memcmp.obj
 0001:0000a780       _guard_dispatch_icall_nop  000000018000b780 f   LIBCMT:_guard_dispatch_.obj
 0001:0000a7a0       __guard_ss_verify_failure  000000018000b7a0 f   LIBCMT:_rfgfailure_.obj
 0001:0000a7ab       __guard_ss_verify_failure_rcx 000000018000b7ab     LIBCMT:_rfgfailure_.obj
 0001:0000a7b1       __guard_ss_verify_failure_rdx 000000018000b7b1     LIBCMT:_rfgfailure_.obj
 0001:0000a7b7       __guard_ss_verify_failure_r8 000000018000b7b7     LIBCMT:_rfgfailure_.obj
 0001:0000a7bd       __guard_ss_verify_failure_r9 000000018000b7bd     LIBCMT:_rfgfailure_.obj
 0001:0000a7c3       __guard_ss_verify_failure_r10 000000018000b7c3     LIBCMT:_rfgfailure_.obj
 0001:0000a7d0       __guard_ss_verify_failure_default 000000018000b7d0 f   LIBCMT:_rfgfailure_.obj
 0001:0000a830       __guard_ss_verify_sp       000000018000b830 f   LIBCMT:_rfgfailure_.obj
 0001:0000a840       __guard_ss_verify_sp_default 000000018000b840 f   LIBCMT:_rfgfailure_.obj
 0002:00000000       __imp_GetModuleHandleA     000000018000c000     kernel32:KERNEL32.dll
 0002:00000008       __imp_VirtualQuery         000000018000c008     kernel32:KERNEL32.dll
 0002:00000010       __imp_RtlCaptureContext    000000018000c010     kernel32:KERNEL32.dll
 0002:00000018       __imp_RtlLookupFunctionEntry 000000018000c018     kernel32:KERNEL32.dll
 0002:00000020       __imp_RtlVirtualUnwind     000000018000c020     kernel32:KERNEL32.dll
 0002:00000028       __imp_UnhandledExceptionFilter 000000018000c028     kernel32:KERNEL32.dll
 0002:00000030       __imp_SetUnhandledExceptionFilter 000000018000c030     kernel32:KERNEL32.dll
 0002:00000038       __imp_GetCurrentProcess    000000018000c038     kernel32:KERNEL32.dll
 0002:00000040       __imp_TerminateProcess     000000018000c040     kernel32:KERNEL32.dll
 0002:00000048       __imp_IsProcessorFeaturePresent 000000018000c048     kernel32:KERNEL32.dll
 0002:00000050       __imp_QueryPerformanceCounter 000000018000c050     kernel32:KERNEL32.dll
 0002:00000058       __imp_GetCurrentProcessId  000000018000c058     kernel32:KERNEL32.dll
 0002:00000060       __imp_GetCurrentThreadId   000000018000c060     kernel32:KERNEL32.dll
 0002:00000068       __imp_GetSystemTimeAsFileTime 000000018000c068     kernel32:KERNEL32.dll
 0002:00000070       __imp_InitializeSListHead  000000018000c070     kernel32:KERNEL32.dll
 0002:00000078       __imp_IsDebuggerPresent    000000018000c078     kernel32:KERNEL32.dll
 0002:00000080       __imp_GetStartupInfoW      000000018000c080     kernel32:KERNEL32.dll
 0002:00000088       __imp_GetModuleHandleW     000000018000c088     kernel32:KERNEL32.dll
 0002:00000090       __imp_RtlUnwindEx          000000018000c090     kernel32:KERNEL32.dll
 0002:00000098       __imp_InterlockedFlushSList 000000018000c098     kernel32:KERNEL32.dll
 0002:000000a0       __imp_GetLastError         000000018000c0a0     kernel32:KERNEL32.dll
 0002:000000a8       __imp_SetLastError         000000018000c0a8     kernel32:KERNEL32.dll
 0002:000000b0       __imp_EnterCriticalSection 000000018000c0b0     kernel32:KERNEL32.dll
 0002:000000b8       __imp_LeaveCriticalSection 000000018000c0b8     kernel32:KERNEL32.dll
 0002:000000c0       __imp_DeleteCriticalSection 000000018000c0c0     kernel32:KERNEL32.dll
 0002:000000c8       __imp_InitializeCriticalSectionAndSpinCount 000000018000c0c8     kernel32:KERNEL32.dll
 0002:000000d0       __imp_TlsAlloc             000000018000c0d0     kernel32:KERNEL32.dll
 0002:000000d8       __imp_TlsGetValue          000000018000c0d8     kernel32:KERNEL32.dll
 0002:000000e0       __imp_TlsSetValue          000000018000c0e0     kernel32:KERNEL32.dll
 0002:000000e8       __imp_TlsFree              000000018000c0e8     kernel32:KERNEL32.dll
 0002:000000f0       __imp_FreeLibrary          000000018000c0f0     kernel32:KERNEL32.dll
 0002:000000f8       __imp_GetProcAddress       000000018000c0f8     kernel32:KERNEL32.dll
 0002:00000100       __imp_LoadLibraryExW       000000018000c100     kernel32:KERNEL32.dll
 0002:00000108       __imp_ExitProcess          000000018000c108     kernel32:KERNEL32.dll
 0002:00000110       __imp_GetModuleHandleExW   000000018000c110     kernel32:KERNEL32.dll
 0002:00000118       __imp_GetModuleFileNameA   000000018000c118     kernel32:KERNEL32.dll
 0002:00000120       __imp_MultiByteToWideChar  000000018000c120     kernel32:KERNEL32.dll
 0002:00000128       __imp_WideCharToMultiByte  000000018000c128     kernel32:KERNEL32.dll
 0002:00000130       __imp_HeapFree             000000018000c130     kernel32:KERNEL32.dll
 0002:00000138       __imp_HeapAlloc            000000018000c138     kernel32:KERNEL32.dll
 0002:00000140       __imp_GetACP               000000018000c140     kernel32:KERNEL32.dll
 0002:00000148       __imp_FindClose            000000018000c148     kernel32:KERNEL32.dll
 0002:00000150       __imp_FindFirstFileExA     000000018000c150     kernel32:KERNEL32.dll
 0002:00000158       __imp_FindNextFileA        000000018000c158     kernel32:KERNEL32.dll
 0002:00000160       __imp_IsValidCodePage      000000018000c160     kernel32:KERNEL32.dll
 0002:00000168       __imp_GetOEMCP             000000018000c168     kernel32:KERNEL32.dll
 0002:00000170       __imp_GetCPInfo            000000018000c170     kernel32:KERNEL32.dll
 0002:00000178       __imp_GetCommandLineA      000000018000c178     kernel32:KERNEL32.dll
 0002:00000180       __imp_GetCommandLineW      000000018000c180     kernel32:KERNEL32.dll
 0002:00000188       __imp_GetEnvironmentStringsW 000000018000c188     kernel32:KERNEL32.dll
 0002:00000190       __imp_FreeEnvironmentStringsW 000000018000c190     kernel32:KERNEL32.dll
 0002:00000198       __imp_LCMapStringW         000000018000c198     kernel32:KERNEL32.dll
 0002:000001a0       __imp_GetProcessHeap       000000018000c1a0     kernel32:KERNEL32.dll
 0002:000001a8       __imp_GetStdHandle         000000018000c1a8     kernel32:KERNEL32.dll
 0002:000001b0       __imp_GetFileType          000000018000c1b0     kernel32:KERNEL32.dll
 0002:000001b8       __imp_GetStringTypeW       000000018000c1b8     kernel32:KERNEL32.dll
 0002:000001c0       __imp_HeapSize             000000018000c1c0     kernel32:KERNEL32.dll
 0002:000001c8       __imp_HeapReAlloc          000000018000c1c8     kernel32:KERNEL32.dll
 0002:000001d0       __imp_SetStdHandle         000000018000c1d0     kernel32:KERNEL32.dll
 0002:000001d8       __imp_WriteFile            000000018000c1d8     kernel32:KERNEL32.dll
 0002:000001e0       __imp_FlushFileBuffers     000000018000c1e0     kernel32:KERNEL32.dll
 0002:000001e8       __imp_GetConsoleCP         000000018000c1e8     kernel32:KERNEL32.dll
 0002:000001f0       __imp_GetConsoleMode       000000018000c1f0     kernel32:KERNEL32.dll
 0002:000001f8       __imp_SetFilePointerEx     000000018000c1f8     kernel32:KERNEL32.dll
 0002:00000200       __imp_CloseHandle          000000018000c200     kernel32:KERNEL32.dll
 0002:00000208       __imp_CreateFileW          000000018000c208     kernel32:KERNEL32.dll
 0002:00000210       __imp_WriteConsoleW        000000018000c210     kernel32:KERNEL32.dll
 0002:00000218       __imp_RaiseException       000000018000c218     kernel32:KERNEL32.dll
 0002:00000220       __imp_GetSystemInfo        000000018000c220     kernel32:KERNEL32.dll
 0002:00000228       __imp_VirtualProtect       000000018000c228     kernel32:KERNEL32.dll
 0002:00000230       __imp_LoadLibraryExA       000000018000c230     kernel32:KERNEL32.dll
 0002:00000238       \177KERNEL32_NULL_THUNK_DATA 000000018000c238     kernel32:KERNEL32.dll
 0002:00000240       __guard_check_icall_fptr   000000018000c240     LIBCMT:guard_support.obj
 0002:00000248       __guard_dispatch_icall_fptr 000000018000c248     LIBCMT:guard_support.obj
 0002:00000250       __guard_ss_verify_failure_fptr 000000018000c250     LIBCMT:guard_support.obj
 0002:00000258       __guard_ss_verify_sp_fptr  000000018000c258     LIBCMT:guard_support.obj
 0002:00000260       __xc_a                     000000018000c260     LIBCMT:initializers.obj
 0002:00000268       _register_addon_           000000018000c268     hello.obj
 0002:00000270       __xc_z                     000000018000c270     LIBCMT:initializers.obj
 0002:00000278       __xi_a                     000000018000c278     LIBCMT:initializers.obj
 0002:00000280       __acrt_multibyte_initializer 000000018000c280     libucrt:multibyte_initializer.obj
 0002:00000288       __acrt_stdio_initializer   000000018000c288     libucrt:stdio_initializer.obj
 0002:00000290       __acrt_tran_fma3_initializer 000000018000c290     libucrt:fma3_initializer.obj
 0002:00000298       __xi_z                     000000018000c298     LIBCMT:initializers.obj
 0002:000002a0       __xp_a                     000000018000c2a0     LIBCMT:initializers.obj
 0002:000002a8       __acrt_locale_terminator   000000018000c2a8     libucrt:locale_initializer.obj
 0002:000002b0       __dcrt_console_output_terminator 000000018000c2b0     libucrt:console_output_initializer.obj
 0002:000002b8       __acrt_stdio_terminator    000000018000c2b8     libucrt:stdio_initializer.obj
 0002:000002c0       __xp_z                     000000018000c2c0     LIBCMT:initializers.obj
 0002:000002c8       __xt_a                     000000018000c2c8     LIBCMT:initializers.obj
 0002:000002d0       __xt_z                     000000018000c2d0     LIBCMT:initializers.obj
 0002:000002e0       __sz_node_exe              000000018000c2e0     node:node.exe
 0002:000002f0       _pRawDllMain               000000018000c2f0     LIBCMT:dll_dllmain.obj
 0002:000002f0       _pDefaultRawDllMain        000000018000c2f0     LIBCMT:dll_dllmain.obj
 0002:00000638       ??_C@_08EHJDFFNH@__based?$CI?$AA@ 000000018000c638     libvcruntime:undname.obj
 0002:00000648       ??_C@_07KOLFKCDI@__cdecl?$AA@ 000000018000c648     libvcruntime:undname.obj
 0002:00000650       ??_C@_08GHMPAG@__pascal?$AA@ 000000018000c650     libvcruntime:undname.obj
 0002:00000660       ??_C@_09IFJBGAPI@__stdcall?$AA@ 000000018000c660     libvcruntime:undname.obj
 0002:00000670       ??_C@_0L@NPHFGOKO@__thiscall?$AA@ 000000018000c670     libvcruntime:undname.obj
 0002:00000680       ??_C@_0L@JMKHOMEK@__fastcall?$AA@ 000000018000c680     libvcruntime:undname.obj
 0002:00000690       ??_C@_0N@BCKKPABJ@__vectorcall?$AA@ 000000018000c690     libvcruntime:undname.obj
 0002:000006a0       ??_C@_09HIJEGCPM@__clrcall?$AA@ 000000018000c6a0     libvcruntime:undname.obj
 0002:000006ac       ??_C@_06GHPCKEAG@__eabi?$AA@ 000000018000c6ac     libvcruntime:undname.obj
 0002:000006b8       ??_C@_07JOMMBBKO@__ptr64?$AA@ 000000018000c6b8     libvcruntime:undname.obj
 0002:000006c0       ??_C@_0L@PILCLIHE@__restrict?$AA@ 000000018000c6c0     libvcruntime:undname.obj
 0002:000006d0       ??_C@_0M@GFIIJFMG@__unaligned?$AA@ 000000018000c6d0     libvcruntime:undname.obj
 0002:000006e0       ??_C@_09DHDLOLLB@restrict?$CI?$AA@ 000000018000c6e0     libvcruntime:undname.obj
 0002:000006ea       ??_C@_00CNPNBAHC@?$AA@     000000018000c6ea     libvcruntime:undname.obj
 0002:000006ec       ??_C@_04NIHEBCM@?5new?$AA@ 000000018000c6ec     libvcruntime:undname.obj
 0002:000006f8       ??_C@_07FPCDHGMM@?5delete?$AA@ 000000018000c6f8     libvcruntime:undname.obj
 0002:00000700       ??_C@_01NEMOKFLO@?$DN?$AA@ 000000018000c700     libvcruntime:undname.obj
 0002:00000704       ??_C@_02GPIOPFAK@?$DO?$DO?$AA@ 000000018000c704     libvcruntime:undname.obj
 0002:00000708       ??_C@_02FODMEDOG@?$DM?$DM?$AA@ 000000018000c708     libvcruntime:undname.obj
 0002:0000070c       ??_C@_01DCLJPIOD@?$CB?$AA@ 000000018000c70c     libvcruntime:undname.obj
 0002:00000710       ??_C@_02EGOFBIJA@?$DN?$DN?$AA@ 000000018000c710     libvcruntime:undname.obj
 0002:00000714       ??_C@_02FDNJECIE@?$CB?$DN?$AA@ 000000018000c714     libvcruntime:undname.obj
 0002:00000718       ??_C@_02GPECMEKF@?$FL?$FN?$AA@ 000000018000c718     libvcruntime:undname.obj
 0002:00000720       ??_C@_08LHJFAFGD@operator?$AA@ 000000018000c720     libvcruntime:undname.obj
 0002:0000072c       ??_C@_02HBOOOICD@?9?$DO?$AA@ 000000018000c72c     libvcruntime:undname.obj
 0002:00000730       ??_C@_01NBENCBCI@?$CK?$AA@ 000000018000c730     libvcruntime:undname.obj
 0002:00000734       ??_C@_02ECNGHCIF@?$CL?$CL?$AA@ 000000018000c734     libvcruntime:undname.obj
 0002:00000738       ??_C@_02BAABKJLB@?9?9?$AA@ 000000018000c738     libvcruntime:undname.obj
 0002:0000073c       ??_C@_01JOAMLHOP@?9?$AA@   000000018000c73c     libvcruntime:undname.obj
 0002:00000740       ??_C@_01MIFGBAGJ@?$CL?$AA@ 000000018000c740     libvcruntime:undname.obj
 0002:00000744       ??_C@_01HNPIGOCE@?$CG?$AA@ 000000018000c744     libvcruntime:undname.obj
 0002:00000748       ??_C@_03MNHNFDLC@?9?$DO?$CK?$AA@ 000000018000c748     libvcruntime:undname.obj
 0002:0000074c       ??_C@_01KMDKNFGN@?1?$AA@   000000018000c74c     libvcruntime:undname.obj
 0002:00000750       ??_C@_01FGNFDNOH@?$CF?$AA@ 000000018000c750     libvcruntime:undname.obj
 0002:00000754       ??_C@_01MNNFJEPP@?$DM?$AA@ 000000018000c754     libvcruntime:undname.obj
 0002:00000758       ??_C@_02EHCHHCKH@?$DM?$DN?$AA@ 000000018000c758     libvcruntime:undname.obj
 0002:0000075c       ??_C@_01PPODPGHN@?$DO?$AA@ 000000018000c75c     libvcruntime:undname.obj
 0002:00000760       ??_C@_02EEKDKGMJ@?$DO?$DN?$AA@ 000000018000c760     libvcruntime:undname.obj
 0002:00000764       ??_C@_01IHBHIGKO@?0?$AA@   000000018000c764     libvcruntime:undname.obj
 0002:00000768       ??_C@_02HCKGKOFO@?$CI?$CJ?$AA@ 000000018000c768     libvcruntime:undname.obj
 0002:0000076c       ??_C@_01PJKLJHI@?$HO?$AA@  000000018000c76c     libvcruntime:undname.obj
 0002:00000770       ??_C@_01JKBOJNNK@?$FO?$AA@ 000000018000c770     libvcruntime:undname.obj
 0002:00000774       ??_C@_01DNKMNLPK@?$HM?$AA@ 000000018000c774     libvcruntime:undname.obj
 0002:00000778       ??_C@_02PPKAJPJL@?$CG?$CG?$AA@ 000000018000c778     libvcruntime:undname.obj
 0002:0000077c       ??_C@_02NONPIBCD@?$HM?$HM?$AA@ 000000018000c77c     libvcruntime:undname.obj
 0002:00000780       ??_C@_02FPIMKNGF@?$CK?$DN?$AA@ 000000018000c780     libvcruntime:undname.obj
 0002:00000784       ??_C@_02FOEOMHFC@?$CL?$DN?$AA@ 000000018000c784     libvcruntime:undname.obj
 0002:00000788       ??_C@_02FKMDLLOA@?9?$DN?$AA@ 000000018000c788     libvcruntime:undname.obj
 0002:0000078c       ??_C@_02FJEHGPIO@?1?$DN?$AA@ 000000018000c78c     libvcruntime:undname.obj
 0002:00000790       ??_C@_02FENAOKFI@?$CF?$DN?$AA@ 000000018000c790     libvcruntime:undname.obj
 0002:00000794       ??_C@_03IKFCCPFF@?$DO?$DO?$DN?$AA@ 000000018000c794     libvcruntime:undname.obj
 0002:00000798       ??_C@_03CDNPDDLA@?$DM?$DM?$DN?$AA@ 000000018000c798     libvcruntime:undname.obj
 0002:0000079c       ??_C@_02FGJGFEAB@?$CG?$DN?$AA@ 000000018000c79c     libvcruntime:undname.obj
 0002:000007a0       ??_C@_02DHLNPPGH@?$HM?$DN?$AA@ 000000018000c7a0     libvcruntime:undname.obj
 0002:000007a4       ??_C@_02MHEGNOJ@?$FO?$DN?$AA@ 000000018000c7a4     libvcruntime:undname.obj
 0002:000007a8       ??_C@_09IFPLHPGF@?$GAvftable?8?$AA@ 000000018000c7a8     libvcruntime:undname.obj
 0002:000007b8       ??_C@_09BLBHBJP@?$GAvbtable?8?$AA@ 000000018000c7b8     libvcruntime:undname.obj
 0002:000007c8       ??_C@_07FEEIOKP@?$GAvcall?8?$AA@ 000000018000c7c8     libvcruntime:undname.obj
 0002:000007d0       ??_C@_08LLFFHHDJ@?$GAtypeof?8?$AA@ 000000018000c7d0     libvcruntime:undname.obj
 0002:000007e0       ??_C@_0BF@KDPPACIK@?$GAlocal?5static?5guard?8?$AA@ 000000018000c7e0     libvcruntime:undname.obj
 0002:000007f8       ??_C@_08OBABFOLI@?$GAstring?8?$AA@ 000000018000c7f8     libvcruntime:undname.obj
 0002:00000808       ??_C@_0BD@JDLKDPAB@?$GAvbase?5destructor?8?$AA@ 000000018000c808     libvcruntime:undname.obj
 0002:00000820       ??_C@_0BN@DEGPLNFK@?$GAvector?5deleting?5destructor?8?$AA@ 000000018000c820     libvcruntime:undname.obj
 0002:00000840       ??_C@_0BO@OBMKPJIG@?$GAdefault?5constructor?5closure?8?$AA@ 000000018000c840     libvcruntime:undname.obj
 0002:00000860       ??_C@_0BN@IMDCHIKM@?$GAscalar?5deleting?5destructor?8?$AA@ 000000018000c860     libvcruntime:undname.obj
 0002:00000880       ??_C@_0BO@PFGOCPJJ@?$GAvector?5constructor?5iterator?8?$AA@ 000000018000c880     libvcruntime:undname.obj
 0002:000008a0       ??_C@_0BN@LFPFMEDL@?$GAvector?5destructor?5iterator?8?$AA@ 000000018000c8a0     libvcruntime:undname.obj
 0002:000008c0       ??_C@_0CE@IKBNEHA@?$GAvector?5vbase?5constructor?5iterat@ 000000018000c8c0     libvcruntime:undname.obj
 0002:000008e8       ??_C@_0BL@NILFHHPC@?$GAvirtual?5displacement?5map?8?$AA@ 000000018000c8e8     libvcruntime:undname.obj
 0002:00000908       ??_C@_0CB@JONCMFFK@?$GAeh?5vector?5constructor?5iterator?8@ 000000018000c908     libvcruntime:undname.obj
 0002:00000930       ??_C@_0CA@GCEOPDGL@?$GAeh?5vector?5destructor?5iterator?8?$AA@ 000000018000c930     libvcruntime:undname.obj
 0002:00000950       ??_C@_0CH@OOJPLCPH@?$GAeh?5vector?5vbase?5constructor?5ite@ 000000018000c950     libvcruntime:undname.obj
 0002:00000978       ??_C@_0BL@LLKPOHJI@?$GAcopy?5constructor?5closure?8?$AA@ 000000018000c978     libvcruntime:undname.obj
 0002:00000998       ??_C@_0BA@KBCDOMBN@?$GAudt?5returning?8?$AA@ 000000018000c998     libvcruntime:undname.obj
 0002:000009a8       ??_C@_03KLGMFNMG@?$GAEH?$AA@ 000000018000c9a8     libvcruntime:undname.obj
 0002:000009ac       ??_C@_05KHLCHHI@?$GARTTI?$AA@ 000000018000c9ac     libvcruntime:undname.obj
 0002:000009b8       ??_C@_0BA@KKLDJDLB@?$GAlocal?5vftable?8?$AA@ 000000018000c9b8     libvcruntime:undname.obj
 0002:000009c8       ??_C@_0CE@IIHCMGGL@?$GAlocal?5vftable?5constructor?5closu@ 000000018000c9c8     libvcruntime:undname.obj
 0002:000009ec       ??_C@_06FHBGPFGH@?5new?$FL?$FN?$AA@ 000000018000c9ec     libvcruntime:undname.obj
 0002:000009f8       ??_C@_09LBNFPBCA@?5delete?$FL?$FN?$AA@ 000000018000c9f8     libvcruntime:undname.obj
 0002:00000a08       ??_C@_0P@HJKNJFNN@?$GAomni?5callsig?8?$AA@ 000000018000ca08     libvcruntime:undname.obj
 0002:00000a18       ??_C@_0BL@CNOONJFP@?$GAplacement?5delete?5closure?8?$AA@ 000000018000ca18     libvcruntime:undname.obj
 0002:00000a38       ??_C@_0BN@CKNJLHMB@?$GAplacement?5delete?$FL?$FN?5closure?8?$AA@ 000000018000ca38     libvcruntime:undname.obj
 0002:00000a58       ??_C@_0CG@CFDHKGGD@?$GAmanaged?5vector?5constructor?5iter@ 000000018000ca58     libvcruntime:undname.obj
 0002:00000a80       ??_C@_0CF@IMGKMJNO@?$GAmanaged?5vector?5destructor?5itera@ 000000018000ca80     libvcruntime:undname.obj
 0002:00000aa8       ??_C@_0CG@HLDDJMAG@?$GAeh?5vector?5copy?5constructor?5iter@ 000000018000caa8     libvcruntime:undname.obj
 0002:00000ad0       ??_C@_0CM@FCBBDIGB@?$GAeh?5vector?5vbase?5copy?5constructo@ 000000018000cad0     libvcruntime:undname.obj
 0002:00000b00       ??_C@_0BL@CLIPGLGB@?$GAdynamic?5initializer?5for?5?8?$AA@ 000000018000cb00     libvcruntime:undname.obj
 0002:00000b20       ??_C@_0CB@PDBIFEP@?$GAdynamic?5atexit?5destructor?5for?5?8@ 000000018000cb20     libvcruntime:undname.obj
 0002:00000b48       ??_C@_0CD@CGAJBKEJ@?$GAvector?5copy?5constructor?5iterato@ 000000018000cb48     libvcruntime:undname.obj
 0002:00000b70       ??_C@_0CJ@GJELGAMM@?$GAvector?5vbase?5copy?5constructor?5i@ 000000018000cb70     libvcruntime:undname.obj
 0002:00000ba0       ??_C@_0CL@FGIJHLCE@?$GAmanaged?5vector?5copy?5constructor@ 000000018000cba0     libvcruntime:undname.obj
 0002:00000bd0       ??_C@_0BM@PMGGMLDN@?$GAlocal?5static?5thread?5guard?8?$AA@ 000000018000cbd0     libvcruntime:undname.obj
 0002:00000bf0       ??_C@_0N@BDNMDMOL@operator?5?$CC?$CC?5?$AA@ 000000018000cbf0     libvcruntime:undname.obj
 0002:00000c00       ??_C@_0BC@GGEBGALA@operator?5co_await?$AA@ 000000018000cc00     libvcruntime:undname.obj
 0002:00000c18       ??_C@_0BC@DAFEJGAK@?5Type?5Descriptor?8?$AA@ 000000018000cc18     libvcruntime:undname.obj
 0002:00000c30       ??_C@_0BM@LDKODKLH@?5Base?5Class?5Descriptor?5at?5?$CI?$AA@ 000000018000cc30     libvcruntime:undname.obj
 0002:00000c50       ??_C@_0BD@LGICGFMM@?5Base?5Class?5Array?8?$AA@ 000000018000cc50     libvcruntime:undname.obj
 0002:00000c68       ??_C@_0BN@MECKDCOJ@?5Class?5Hierarchy?5Descriptor?8?$AA@ 000000018000cc68     libvcruntime:undname.obj
 0002:00000c88       ??_C@_0BK@CFCOFLF@?5Complete?5Object?5Locator?8?$AA@ 000000018000cc88     libvcruntime:undname.obj
 0002:00000cc0       ??_C@_1DM@KHCHBNEB@?$AAa?$AAp?$AAi?$AA?9?$AAm?$AAs?$AA?9?$AAw?$AAi?$AAn?$AA?9?$AAc?$AAo?$AAr?$AAe?$AA?9?$AAf?$AAi?$AAb?$AAe?$AAr?$AAs?$AA?9?$AAl?$AA1?$AA?9?$AA1?$AA?9?$AA1?$AA?$AA@ 000000018000ccc0     libvcruntime:winapi_downlevel.obj
 0002:00000d00       ??_C@_1DK@LPPGFMPP@?$AAa?$AAp?$AAi?$AA?9?$AAm?$AAs?$AA?9?$AAw?$AAi?$AAn?$AA?9?$AAc?$AAo?$AAr?$AAe?$AA?9?$AAs?$AAy?$AAn?$AAc?$AAh?$AA?9?$AAl?$AA1?$AA?9?$AA2?$AA?9?$AA0?$AA?$AA@ 000000018000cd00     libvcruntime:winapi_downlevel.obj
 0002:00000d40       ??_C@_1BC@GDMECMAK@?$AAk?$AAe?$AAr?$AAn?$AAe?$AAl?$AA3?$AA2?$AA?$AA@ 000000018000cd40     libvcruntime:winapi_downlevel.obj
 0002:00000d58       ??_C@_1BA@PFFKHIOG@?$AAa?$AAp?$AAi?$AA?9?$AAm?$AAs?$AA?9?$AA?$AA@ 000000018000cd58     libvcruntime:winapi_downlevel.obj
 0002:00000d68       ??_C@_1BA@IAIFMGEF@?$AAe?$AAx?$AAt?$AA?9?$AAm?$AAs?$AA?9?$AA?$AA@ 000000018000cd68     libvcruntime:winapi_downlevel.obj
 0002:00000d80       ??_C@_08KNHFBNJ@FlsAlloc?$AA@ 000000018000cd80     libvcruntime:winapi_downlevel.obj
 0002:00000d98       ??_C@_07PEJMOBNF@FlsFree?$AA@ 000000018000cd98     libvcruntime:winapi_downlevel.obj
 0002:00000da8       ??_C@_0M@GDNOONDI@FlsGetValue?$AA@ 000000018000cda8     libvcruntime:winapi_downlevel.obj
 0002:00000dc0       ??_C@_0M@JCPCPOEF@FlsSetValue?$AA@ 000000018000cdc0     libvcruntime:winapi_downlevel.obj
 0002:00000dd8       ??_C@_0BM@HCFOFFN@InitializeCriticalSectionEx?$AA@ 000000018000cdd8     libvcruntime:winapi_downlevel.obj
 0002:00000e00       __acrt_exception_action_table 000000018000ce00     libucrt:exception_filter.obj
 0002:00000ec0       __acrt_signal_action_table_count 000000018000cec0     libucrt:exception_filter.obj
 0002:00000ec8       __acrt_signal_action_first_fpe_index 000000018000cec8     libucrt:exception_filter.obj
 0002:00000ed0       __acrt_signal_action_fpe_count 000000018000ced0     libucrt:exception_filter.obj
 0002:00000ed8       ??_C@_1BI@BGOHAHKC@?$AAm?$AAs?$AAc?$AAo?$AAr?$AAe?$AAe?$AA?4?$AAd?$AAl?$AAl?$AA?$AA@ 000000018000ced8     libucrt:exit.obj
 0002:00000ef0       ??_C@_0P@MIGLKIOC@CorExitProcess?$AA@ 000000018000cef0     libucrt:exit.obj
 0002:00001150       ??_C@_03KOEHGMDN@Sun?$AA@  000000018000d150     libucrt:nlsdata.obj
 0002:00001154       ??_C@_03PDAGKDH@Mon?$AA@   000000018000d154     libucrt:nlsdata.obj
 0002:00001158       ??_C@_03NAGEINEP@Tue?$AA@  000000018000d158     libucrt:nlsdata.obj
 0002:0000115c       ??_C@_03MHOMLAJA@Wed?$AA@  000000018000d15c     libucrt:nlsdata.obj
 0002:00001160       ??_C@_03IOFIKPDN@Thu?$AA@  000000018000d160     libucrt:nlsdata.obj
 0002:00001164       ??_C@_03IDIOELNC@Fri?$AA@  000000018000d164     libucrt:nlsdata.obj
 0002:00001168       ??_C@_03FEFJNEK@Sat?$AA@   000000018000d168     libucrt:nlsdata.obj
 0002:0000116c       ??_C@_06OOPIFAJ@Sunday?$AA@ 000000018000d16c     libucrt:nlsdata.obj
 0002:00001174       ??_C@_06JLEDEDGH@Monday?$AA@ 000000018000d174     libucrt:nlsdata.obj
 0002:00001180       ??_C@_07BAAGCFCM@Tuesday?$AA@ 000000018000d180     libucrt:nlsdata.obj
 0002:00001188       ??_C@_09DLIGFAKA@Wednesday?$AA@ 000000018000d188     libucrt:nlsdata.obj
 0002:00001198       ??_C@_08HACCIKIA@Thursday?$AA@ 000000018000d198     libucrt:nlsdata.obj
 0002:000011a4       ??_C@_06JECMNKMI@Friday?$AA@ 000000018000d1a4     libucrt:nlsdata.obj
 0002:000011b0       ??_C@_08INBOOONO@Saturday?$AA@ 000000018000d1b0     libucrt:nlsdata.obj
 0002:000011bc       ??_C@_03JIHJHPIE@Jan?$AA@  000000018000d1bc     libucrt:nlsdata.obj
 0002:000011c0       ??_C@_03HJBDCHOM@Feb?$AA@  000000018000d1c0     libucrt:nlsdata.obj
 0002:000011c4       ??_C@_03ODNJBKGA@Mar?$AA@  000000018000d1c4     libucrt:nlsdata.obj
 0002:000011c8       ??_C@_03LEOLGMJP@Apr?$AA@  000000018000d1c8     libucrt:nlsdata.obj
 0002:000011cc       ??_C@_03CNMDKL@May?$AA@    000000018000d1cc     libucrt:nlsdata.obj
 0002:000011d0       ??_C@_03IDFGHECI@Jun?$AA@  000000018000d1d0     libucrt:nlsdata.obj
 0002:000011d4       ??_C@_03LBGABGKK@Jul?$AA@  000000018000d1d4     libucrt:nlsdata.obj
 0002:000011d8       ??_C@_03IFJFEIGA@Aug?$AA@  000000018000d1d8     libucrt:nlsdata.obj
 0002:000011dc       ??_C@_03GGCAPAJC@Sep?$AA@  000000018000d1dc     libucrt:nlsdata.obj
 0002:000011e0       ??_C@_03BMAOKBAD@Oct?$AA@  000000018000d1e0     libucrt:nlsdata.obj
 0002:000011e4       ??_C@_03JPJOFNIA@Nov?$AA@  000000018000d1e4     libucrt:nlsdata.obj
 0002:000011e8       ??_C@_03MKABNOCG@Dec?$AA@  000000018000d1e8     libucrt:nlsdata.obj
 0002:000011f0       ??_C@_07CGJPFGJA@January?$AA@ 000000018000d1f0     libucrt:nlsdata.obj
 0002:000011f8       ??_C@_08GNJGEPFN@February?$AA@ 000000018000d1f8     libucrt:nlsdata.obj
 0002:00001204       ??_C@_05HPCKOFNC@March?$AA@ 000000018000d204     libucrt:nlsdata.obj
 0002:0000120c       ??_C@_05DMJDNLEJ@April?$AA@ 000000018000d20c     libucrt:nlsdata.obj
 0002:00001214       ??_C@_04CNLMGBGM@June?$AA@ 000000018000d214     libucrt:nlsdata.obj
 0002:0000121c       ??_C@_04MIEPOIFP@July?$AA@ 000000018000d21c     libucrt:nlsdata.obj
 0002:00001224       ??_C@_06LBBHFDDG@August?$AA@ 000000018000d224     libucrt:nlsdata.obj
 0002:00001230       ??_C@_09BHHEALKD@September?$AA@ 000000018000d230     libucrt:nlsdata.obj
 0002:00001240       ??_C@_07JJNFCEND@October?$AA@ 000000018000d240     libucrt:nlsdata.obj
 0002:00001248       ??_C@_08HCHEGEOA@November?$AA@ 000000018000d248     libucrt:nlsdata.obj
 0002:00001258       ??_C@_08EDHMEBNP@December?$AA@ 000000018000d258     libucrt:nlsdata.obj
 0002:00001264       ??_C@_02DEDBPAFC@AM?$AA@   000000018000d264     libucrt:nlsdata.obj
 0002:00001268       ??_C@_02CJNFDJBF@PM?$AA@   000000018000d268     libucrt:nlsdata.obj
 0002:00001270       ??_C@_08BPBNCDIB@MM?1dd?1yy?$AA@ 000000018000d270     libucrt:nlsdata.obj
 0002:00001280       ??_C@_0BE@CKGJFCPC@dddd?0?5MMMM?5dd?0?5yyyy?$AA@ 000000018000d280     libucrt:nlsdata.obj
 0002:00001298       ??_C@_08JCCMCCIL@HH?3mm?3ss?$AA@ 000000018000d298     libucrt:nlsdata.obj
 0002:000012a8       ??_C@_17MBGCMIPB@?$AAS?$AAu?$AAn?$AA?$AA@ 000000018000d2a8     libucrt:nlsdata.obj
 0002:000012b0       ??_C@_17KBOMKBF@?$AAM?$AAo?$AAn?$AA?$AA@ 000000018000d2b0     libucrt:nlsdata.obj
 0002:000012b8       ??_C@_17BMKGEGOJ@?$AAT?$AAu?$AAe?$AA?$AA@ 000000018000d2b8     libucrt:nlsdata.obj
 0002:000012c0       ??_C@_17CJEDCEPE@?$AAW?$AAe?$AAd?$AA?$AA@ 000000018000d2c0     libucrt:nlsdata.obj
 0002:000012c8       ??_C@_17PDPHAADD@?$AAT?$AAh?$AAu?$AA?$AA@ 000000018000d2c8     libucrt:nlsdata.obj
 0002:000012d0       ??_C@_17HFOLPPLP@?$AAF?$AAr?$AAi?$AA?$AA@ 000000018000d2d0     libucrt:nlsdata.obj
 0002:000012d8       ??_C@_17GGIBDPIH@?$AAS?$AAa?$AAt?$AA?$AA@ 000000018000d2d8     libucrt:nlsdata.obj
 0002:000012e0       ??_C@_1O@IHNHDHPB@?$AAS?$AAu?$AAn?$AAd?$AAa?$AAy?$AA?$AA@ 000000018000d2e0     libucrt:nlsdata.obj
 0002:000012f0       ??_C@_1O@MMNBFLIA@?$AAM?$AAo?$AAn?$AAd?$AAa?$AAy?$AA?$AA@ 000000018000d2f0     libucrt:nlsdata.obj
 0002:00001300       ??_C@_1BA@ENFBFFEK@?$AAT?$AAu?$AAe?$AAs?$AAd?$AAa?$AAy?$AA?$AA@ 000000018000d300     libucrt:nlsdata.obj
 0002:00001310       ??_C@_1BE@EBOGMDOH@?$AAW?$AAe?$AAd?$AAn?$AAe?$AAs?$AAd?$AAa?$AAy?$AA?$AA@ 000000018000d310     libucrt:nlsdata.obj
 0002:00001328       ??_C@_1BC@HHMNLIHE@?$AAT?$AAh?$AAu?$AAr?$AAs?$AAd?$AAa?$AAy?$AA?$AA@ 000000018000d328     libucrt:nlsdata.obj
 0002:00001340       ??_C@_1O@PDICJHAG@?$AAF?$AAr?$AAi?$AAd?$AAa?$AAy?$AA?$AA@ 000000018000d340     libucrt:nlsdata.obj
 0002:00001350       ??_C@_1BC@ENMNNPAJ@?$AAS?$AAa?$AAt?$AAu?$AAr?$AAd?$AAa?$AAy?$AA?$AA@ 000000018000d350     libucrt:nlsdata.obj
 0002:00001368       ??_C@_17DKNBKCHM@?$AAJ?$AAa?$AAn?$AA?$AA@ 000000018000d368     libucrt:nlsdata.obj
 0002:00001370       ??_C@_17LMDJEKJN@?$AAF?$AAe?$AAb?$AA?$AA@ 000000018000d370     libucrt:nlsdata.obj
 0002:00001378       ??_C@_17CKNLEDEC@?$AAM?$AAa?$AAr?$AA?$AA@ 000000018000d378     libucrt:nlsdata.obj
 0002:00001380       ??_C@_17LFPOIHDD@?$AAA?$AAp?$AAr?$AA?$AA@ 000000018000d380     libucrt:nlsdata.obj
 0002:00001388       ??_C@_17PNNKMEED@?$AAM?$AAa?$AAy?$AA?$AA@ 000000018000d388     libucrt:nlsdata.obj
 0002:00001390       ??_C@_17KCJGOCPB@?$AAJ?$AAu?$AAn?$AA?$AA@ 000000018000d390     libucrt:nlsdata.obj
 0002:00001398       ??_C@_17IJPCKHK@?$AAJ?$AAu?$AAl?$AA?$AA@ 000000018000d398     libucrt:nlsdata.obj
 0002:000013a0       ??_C@_17ICPELBCN@?$AAA?$AAu?$AAg?$AA?$AA@ 000000018000d3a0     libucrt:nlsdata.obj
 0002:000013a8       ??_C@_17HCHCOKMG@?$AAS?$AAe?$AAp?$AA?$AA@ 000000018000d3a8     libucrt:nlsdata.obj
 0002:000013b0       ??_C@_17FNLKOI@?$AAO?$AAc?$AAt?$AA?$AA@ 000000018000d3b0     libucrt:nlsdata.obj
 0002:000013b8       ??_C@_17BBDMLCIG@?$AAN?$AAo?$AAv?$AA?$AA@ 000000018000d3b8     libucrt:nlsdata.obj
 0002:000013c0       ??_C@_17EGKACKIF@?$AAD?$AAe?$AAc?$AA?$AA@ 000000018000d3c0     libucrt:nlsdata.obj
 0002:000013c8       ??_C@_1BA@EFMEIEBA@?$AAJ?$AAa?$AAn?$AAu?$AAa?$AAr?$AAy?$AA?$AA@ 000000018000d3c8     libucrt:nlsdata.obj
 0002:000013d8       ??_C@_1BC@JGDDFFAM@?$AAF?$AAe?$AAb?$AAr?$AAu?$AAa?$AAr?$AAy?$AA?$AA@ 000000018000d3d8     libucrt:nlsdata.obj
 0002:000013f0       ??_C@_1M@IKEENEDF@?$AAM?$AAa?$AAr?$AAc?$AAh?$AA?$AA@ 000000018000d3f0     libucrt:nlsdata.obj
 0002:00001400       ??_C@_1M@GJNLMHFD@?$AAA?$AAp?$AAr?$AAi?$AAl?$AA?$AA@ 000000018000d400     libucrt:nlsdata.obj
 0002:00001410       ??_C@_19EPFLPGAP@?$AAJ?$AAu?$AAn?$AAe?$AA?$AA@ 000000018000d410     libucrt:nlsdata.obj
 0002:00001420       ??_C@_19BIFMLPCD@?$AAJ?$AAu?$AAl?$AAy?$AA?$AA@ 000000018000d420     libucrt:nlsdata.obj
 0002:00001430       ??_C@_1O@PAHLKOAC@?$AAA?$AAu?$AAg?$AAu?$AAs?$AAt?$AA?$AA@ 000000018000d430     libucrt:nlsdata.obj
 0002:00001440       ??_C@_1BE@DKAAMBJL@?$AAS?$AAe?$AAp?$AAt?$AAe?$AAm?$AAb?$AAe?$AAr?$AA?$AA@ 000000018000d440     libucrt:nlsdata.obj
 0002:00001458       ??_C@_1BA@EPANDLNG@?$AAO?$AAc?$AAt?$AAo?$AAb?$AAe?$AAr?$AA?$AA@ 000000018000d458     libucrt:nlsdata.obj
 0002:00001468       ??_C@_1BC@BGLIFPF@?$AAN?$AAo?$AAv?$AAe?$AAm?$AAb?$AAe?$AAr?$AA?$AA@ 000000018000d468     libucrt:nlsdata.obj
 0002:00001480       ??_C@_1BC@FEMKIFH@?$AAD?$AAe?$AAc?$AAe?$AAm?$AAb?$AAe?$AAr?$AA?$AA@ 000000018000d480     libucrt:nlsdata.obj
 0002:00001494       ??_C@_15ODEHAHHF@?$AAA?$AAM?$AA?$AA@ 000000018000d494     libucrt:nlsdata.obj
 0002:0000149c       ??_C@_15CLMNNGEL@?$AAP?$AAM?$AA?$AA@ 000000018000d49c     libucrt:nlsdata.obj
 0002:000014a8       ??_C@_1BC@IEBCMHCM@?$AAM?$AAM?$AA?1?$AAd?$AAd?$AA?1?$AAy?$AAy?$AA?$AA@ 000000018000d4a8     libucrt:nlsdata.obj
 0002:000014c0       ??_C@_1CI@KNAKOEBC@?$AAd?$AAd?$AAd?$AAd?$AA?0?$AA?5?$AAM?$AAM?$AAM?$AAM?$AA?5?$AAd?$AAd?$AA?0?$AA?5?$AAy?$AAy?$AAy?$AAy?$AA?$AA@ 000000018000d4c0     libucrt:nlsdata.obj
 0002:000014e8       ??_C@_1BC@GDGBMEMK@?$AAH?$AAH?$AA?3?$AAm?$AAm?$AA?3?$AAs?$AAs?$AA?$AA@ 000000018000d4e8     libucrt:nlsdata.obj
 0002:00001500       ??_C@_1M@BMHNFIME@?$AAe?$AAn?$AA?9?$AAU?$AAS?$AA?$AA@ 000000018000d500     libucrt:nlsdata.obj
 0002:00001510       __lc_time_c                000000018000d510     libucrt:nlsdata.obj
 0002:000017f0       ??_C@_1M@HPNHIDJI@?$AAj?$AAa?$AA?9?$AAJ?$AAP?$AA?$AA@ 000000018000d7f0     libucrt:mbctype.obj
 0002:00001800       ??_C@_1M@BIBDDEMK@?$AAz?$AAh?$AA?9?$AAC?$AAN?$AA?$AA@ 000000018000d800     libucrt:mbctype.obj
 0002:00001810       ??_C@_1M@JLOOOEGK@?$AAk?$AAo?$AA?9?$AAK?$AAR?$AA?$AA@ 000000018000d810     libucrt:mbctype.obj
 0002:00001820       ??_C@_1M@CLNBBOPM@?$AAz?$AAh?$AA?9?$AAT?$AAW?$AA?$AA@ 000000018000d820     libucrt:mbctype.obj
 0002:000018d0       ??_C@_1EA@JGEFHKEI@?$AAa?$AAp?$AAi?$AA?9?$AAm?$AAs?$AA?9?$AAw?$AAi?$AAn?$AA?9?$AAc?$AAo?$AAr?$AAe?$AA?9?$AAd?$AAa?$AAt?$AAe?$AAt?$AAi?$AAm?$AAe?$AA?9?$AAl?$AA1?$AA?9?$AA1?$AA?9?$AA1?$AA?$AA@ 000000018000d8d0     libucrt:winapi_thunks.obj
 0002:00001910       ??_C@_1DI@IJCEHOCB@?$AAa?$AAp?$AAi?$AA?9?$AAm?$AAs?$AA?9?$AAw?$AAi?$AAn?$AA?9?$AAc?$AAo?$AAr?$AAe?$AA?9?$AAf?$AAi?$AAl?$AAe?$AA?9?$AAl?$AA1?$AA?9?$AA2?$AA?9?$AA2?$AA?$AA@ 000000018000d910     libucrt:winapi_thunks.obj
 0002:00001950       ??_C@_1EI@MPIAOHOC@?$AAa?$AAp?$AAi?$AA?9?$AAm?$AAs?$AA?9?$AAw?$AAi?$AAn?$AA?9?$AAc?$AAo?$AAr?$AAe?$AA?9?$AAl?$AAo?$AAc?$AAa?$AAl?$AAi?$AAz?$AAa?$AAt?$AAi?$AAo?$AAn?$AA?9?$AAl?$AA1?$AA?9@ 000000018000d950     libucrt:winapi_thunks.obj
 0002:000019a0       ??_C@_1FK@FPHCKFIE@?$AAa?$AAp?$AAi?$AA?9?$AAm?$AAs?$AA?9?$AAw?$AAi?$AAn?$AA?9?$AAc?$AAo?$AAr?$AAe?$AA?9?$AAl?$AAo?$AAc?$AAa?$AAl?$AAi?$AAz?$AAa?$AAt?$AAi?$AAo?$AAn?$AA?9?$AAo?$AAb?$AAs@ 000000018000d9a0     libucrt:winapi_thunks.obj
 0002:00001a00       ??_C@_1EM@DILCGIIO@?$AAa?$AAp?$AAi?$AA?9?$AAm?$AAs?$AA?9?$AAw?$AAi?$AAn?$AA?9?$AAc?$AAo?$AAr?$AAe?$AA?9?$AAp?$AAr?$AAo?$AAc?$AAe?$AAs?$AAs?$AAt?$AAh?$AAr?$AAe?$AAa?$AAd?$AAs?$AA?9?$AAl@ 000000018000da00     libucrt:winapi_thunks.obj
 0002:00001a50       ??_C@_1DM@LNCGDDPN@?$AAa?$AAp?$AAi?$AA?9?$AAm?$AAs?$AA?9?$AAw?$AAi?$AAn?$AA?9?$AAc?$AAo?$AAr?$AAe?$AA?9?$AAs?$AAt?$AAr?$AAi?$AAn?$AAg?$AA?9?$AAl?$AA1?$AA?9?$AA1?$AA?9?$AA0?$AA?$AA@ 000000018000da50     libucrt:winapi_thunks.obj
 0002:00001a90       ??_C@_1DO@FPAPJEMD@?$AAa?$AAp?$AAi?$AA?9?$AAm?$AAs?$AA?9?$AAw?$AAi?$AAn?$AA?9?$AAc?$AAo?$AAr?$AAe?$AA?9?$AAs?$AAy?$AAs?$AAi?$AAn?$AAf?$AAo?$AA?9?$AAl?$AA1?$AA?9?$AA2?$AA?9?$AA1?$AA?$AA@ 000000018000da90     libucrt:winapi_thunks.obj
 0002:00001ad0       ??_C@_1DK@NDHNAHIO@?$AAa?$AAp?$AAi?$AA?9?$AAm?$AAs?$AA?9?$AAw?$AAi?$AAn?$AA?9?$AAc?$AAo?$AAr?$AAe?$AA?9?$AAw?$AAi?$AAn?$AAr?$AAt?$AA?9?$AAl?$AA1?$AA?9?$AA1?$AA?9?$AA0?$AA?$AA@ 000000018000dad0     libucrt:winapi_thunks.obj
 0002:00001b10       ??_C@_1DM@KGHDGBCM@?$AAa?$AAp?$AAi?$AA?9?$AAm?$AAs?$AA?9?$AAw?$AAi?$AAn?$AA?9?$AAc?$AAo?$AAr?$AAe?$AA?9?$AAx?$AAs?$AAt?$AAa?$AAt?$AAe?$AA?9?$AAl?$AA2?$AA?9?$AA1?$AA?9?$AA0?$AA?$AA@ 000000018000db10     libucrt:winapi_thunks.obj
 0002:00001b50       ??_C@_1EO@IJIOEFOH@?$AAa?$AAp?$AAi?$AA?9?$AAm?$AAs?$AA?9?$AAw?$AAi?$AAn?$AA?9?$AAr?$AAt?$AAc?$AAo?$AAr?$AAe?$AA?9?$AAn?$AAt?$AAu?$AAs?$AAe?$AAr?$AA?9?$AAw?$AAi?$AAn?$AAd?$AAo?$AAw?$AA?9@ 000000018000db50     libucrt:winapi_thunks.obj
 0002:00001ba0       ??_C@_1FG@HHGEKANL@?$AAa?$AAp?$AAi?$AA?9?$AAm?$AAs?$AA?9?$AAw?$AAi?$AAn?$AA?9?$AAs?$AAe?$AAc?$AAu?$AAr?$AAi?$AAt?$AAy?$AA?9?$AAs?$AAy?$AAs?$AAt?$AAe?$AAm?$AAf?$AAu?$AAn?$AAc?$AAt?$AAi@ 000000018000dba0     libucrt:winapi_thunks.obj
 0002:00001c00       ??_C@_1EG@DBIOJECG@?$AAe?$AAx?$AAt?$AA?9?$AAm?$AAs?$AA?9?$AAw?$AAi?$AAn?$AA?9?$AAn?$AAt?$AAu?$AAs?$AAe?$AAr?$AA?9?$AAd?$AAi?$AAa?$AAl?$AAo?$AAg?$AAb?$AAo?$AAx?$AA?9?$AAl?$AA1?$AA?9?$AA1@ 000000018000dc00     libucrt:winapi_thunks.obj
 0002:00001c50       ??_C@_1EO@FIHMJCLF@?$AAe?$AAx?$AAt?$AA?9?$AAm?$AAs?$AA?9?$AAw?$AAi?$AAn?$AA?9?$AAn?$AAt?$AAu?$AAs?$AAe?$AAr?$AA?9?$AAw?$AAi?$AAn?$AAd?$AAo?$AAw?$AAs?$AAt?$AAa?$AAt?$AAi?$AAo?$AAn?$AA?9@ 000000018000dc50     libucrt:winapi_thunks.obj
 0002:00001ca0       ??_C@_1BC@DNHGCMLG@?$AAa?$AAd?$AAv?$AAa?$AAp?$AAi?$AA3?$AA2?$AA?$AA@ 000000018000dca0     libucrt:winapi_thunks.obj
 0002:00001cb8       ??_C@_1M@OAIMIKLP@?$AAn?$AAt?$AAd?$AAl?$AAl?$AA?$AA@ 000000018000dcb8     libucrt:winapi_thunks.obj
 0002:00001cd0       ??_C@_1EG@DPGNFKGC@?$AAa?$AAp?$AAi?$AA?9?$AAm?$AAs?$AA?9?$AAw?$AAi?$AAn?$AA?9?$AAa?$AAp?$AAp?$AAm?$AAo?$AAd?$AAe?$AAl?$AA?9?$AAr?$AAu?$AAn?$AAt?$AAi?$AAm?$AAe?$AA?9?$AAl?$AA1?$AA?9?$AA1@ 000000018000dcd0     libucrt:winapi_thunks.obj
 0002:00001d18       ??_C@_1O@BCCLBEOE@?$AAu?$AAs?$AAe?$AAr?$AA3?$AA2?$AA?$AA@ 000000018000dd18     libucrt:winapi_thunks.obj
 0002:00001d58       ??_C@_0O@KKBNKAPF@LCMapStringEx?$AA@ 000000018000dd58     libucrt:winapi_thunks.obj
 0002:00001d70       ??_C@_0BB@HBDEELFH@LocaleNameToLCID?$AA@ 000000018000dd70     libucrt:winapi_thunks.obj
 0002:00001d88       ??_C@_0CF@OJOFEIGO@AppPolicyGetProcessTerminationMe@ 000000018000dd88     libucrt:winapi_thunks.obj
 0002:00001db0       __newctype                 000000018000ddb0     libucrt:ctype.obj
 0002:000020b0       __newclmap                 000000018000e0b0     libucrt:ctype.obj
 0002:00002230       __newcumap                 000000018000e230     libucrt:ctype.obj
 0002:000023b0       ??_C@_15PJPFLCCM@?$AAu?$AAk?$AA?$AA@ 000000018000e3b0     libucrt:get_qualified_locale.obj
 0002:00003200       ??_C@_15EMKDOKLE@?$AAa?$AAr?$AA?$AA@ 000000018000f200     libucrt:lcidtoname_downlevel.obj
 0002:00003208       ??_C@_15KNPADPLH@?$AAb?$AAg?$AA?$AA@ 000000018000f208     libucrt:lcidtoname_downlevel.obj
 0002:00003210       ??_C@_15EDMHLDMO@?$AAc?$AAa?$AA?$AA@ 000000018000f210     libucrt:lcidtoname_downlevel.obj
 0002:00003218       ??_C@_1O@BPEAJADD@?$AAz?$AAh?$AA?9?$AAC?$AAH?$AAS?$AA?$AA@ 000000018000f218     libucrt:lcidtoname_downlevel.obj
 0002:00003228       ??_C@_15LJNHCMNK@?$AAc?$AAs?$AA?$AA@ 000000018000f228     libucrt:lcidtoname_downlevel.obj
 0002:00003230       ??_C@_15FOMCIDHG@?$AAd?$AAa?$AA?$AA@ 000000018000f230     libucrt:lcidtoname_downlevel.obj
 0002:00003238       ??_C@_15NBKABECB@?$AAd?$AAe?$AA?$AA@ 000000018000f238     libucrt:lcidtoname_downlevel.obj
 0002:00003240       ??_C@_15GHPEIIAO@?$AAe?$AAl?$AA?$AA@ 000000018000f240     libucrt:lcidtoname_downlevel.obj
 0002:00003248       ??_C@_15MNPNEAIF@?$AAe?$AAn?$AA?$AA@ 000000018000f248     libucrt:lcidtoname_downlevel.obj
 0002:00003250       ??_C@_15GPIOMPMH@?$AAe?$AAs?$AA?$AA@ 000000018000f250     libucrt:lcidtoname_downlevel.obj
 0002:00003258       ??_C@_15NGLOAKJC@?$AAf?$AAi?$AA?$AA@ 000000018000f258     libucrt:lcidtoname_downlevel.obj
 0002:00003260       ??_C@_15FBKGNKAM@?$AAf?$AAr?$AA?$AA@ 000000018000f260     libucrt:lcidtoname_downlevel.obj
 0002:00003268       ??_C@_15KGGCNEFK@?$AAh?$AAe?$AA?$AA@ 000000018000f268     libucrt:lcidtoname_downlevel.obj
 0002:00003270       ??_C@_15PGHLIDMF@?$AAh?$AAu?$AA?$AA@ 000000018000f270     libucrt:lcidtoname_downlevel.obj
 0002:00003278       ??_C@_15BIEMAPLM@?$AAi?$AAs?$AA?$AA@ 000000018000f278     libucrt:lcidtoname_downlevel.obj
 0002:00003280       ??_C@_15IFJLDHAF@?$AAi?$AAt?$AA?$AA@ 000000018000f280     libucrt:lcidtoname_downlevel.obj
 0002:00003288       ??_C@_15GEMIOCAG@?$AAj?$AAa?$AA?$AA@ 000000018000f288     libucrt:lcidtoname_downlevel.obj
 0002:00003290       ??_C@_15EPELEGJA@?$AAk?$AAo?$AA?$AA@ 000000018000f290     libucrt:lcidtoname_downlevel.obj
 0002:00003298       ??_C@_15NDDHIMN@?$AAn?$AAl?$AA?$AA@ 000000018000f298     libucrt:lcidtoname_downlevel.obj
 0002:000032a0       ??_C@_15BPIGNHCD@?$AAn?$AAo?$AA?$AA@ 000000018000f2a0     libucrt:lcidtoname_downlevel.obj
 0002:000032a8       ??_C@_15DEOPBLCG@?$AAp?$AAl?$AA?$AA@ 000000018000f2a8     libucrt:lcidtoname_downlevel.obj
 0002:000032b0       ??_C@_15KBECGEFG@?$AAp?$AAt?$AA?$AA@ 000000018000f2b0     libucrt:lcidtoname_downlevel.obj
 0002:000032b8       ??_C@_15GLJCBFMD@?$AAr?$AAo?$AA?$AA@ 000000018000f2b8     libucrt:lcidtoname_downlevel.obj
 0002:000032c0       ??_C@_15FEDGKCDI@?$AAr?$AAu?$AA?$AA@ 000000018000f2c0     libucrt:lcidtoname_downlevel.obj
 0002:000032c8       ??_C@_15GLKMLLHM@?$AAh?$AAr?$AA?$AA@ 000000018000f2c8     libucrt:lcidtoname_downlevel.obj
 0002:000032d0       ??_C@_15CPKMFBDB@?$AAs?$AAk?$AA?$AA@ 000000018000f2d0     libucrt:lcidtoname_downlevel.obj
 0002:000032d8       ??_C@_15BAAIOGMK@?$AAs?$AAq?$AA?$AA@ 000000018000f2d8     libucrt:lcidtoname_downlevel.obj
 0002:000032e0       ??_C@_15INNPNOHD@?$AAs?$AAv?$AA?$AA@ 000000018000f2e0     libucrt:lcidtoname_downlevel.obj
 0002:000032e8       ??_C@_15CABMMOGH@?$AAt?$AAh?$AA?$AA@ 000000018000f2e8     libucrt:lcidtoname_downlevel.obj
 0002:000032f0       ??_C@_15BPLIHJJM@?$AAt?$AAr?$AA?$AA@ 000000018000f2f0     libucrt:lcidtoname_downlevel.obj
 0002:000032f8       ??_C@_15NEOEKKDJ@?$AAu?$AAr?$AA?$AA@ 000000018000f2f8     libucrt:lcidtoname_downlevel.obj
 0002:00003300       ??_C@_15NFICGAJK@?$AAi?$AAd?$AA?$AA@ 000000018000f300     libucrt:lcidtoname_downlevel.obj
 0002:00003308       ??_C@_15HPJPHDM@?$AAb?$AAe?$AA?$AA@ 000000018000f308     libucrt:lcidtoname_downlevel.obj
 0002:00003310       ??_C@_15LCHLGJII@?$AAs?$AAl?$AA?$AA@ 000000018000f310     libucrt:lcidtoname_downlevel.obj
 0002:00003318       ??_C@_15PCFJPHHO@?$AAe?$AAt?$AA?$AA@ 000000018000f318     libucrt:lcidtoname_downlevel.obj
 0002:00003320       ??_C@_15HPFPGODN@?$AAl?$AAv?$AA?$AA@ 000000018000f320     libucrt:lcidtoname_downlevel.obj
 0002:00003328       ??_C@_15NFFGKGLG@?$AAl?$AAt?$AA?$AA@ 000000018000f328     libucrt:lcidtoname_downlevel.obj
 0002:00003330       ??_C@_15BDAKCCHN@?$AAf?$AAa?$AA?$AA@ 000000018000f330     libucrt:lcidtoname_downlevel.obj
 0002:00003338       ??_C@_15NFGIAIAJ@?$AAv?$AAi?$AA?$AA@ 000000018000f338     libucrt:lcidtoname_downlevel.obj
 0002:00003340       ??_C@_15LMKNDMHN@?$AAh?$AAy?$AA?$AA@ 000000018000f340     libucrt:lcidtoname_downlevel.obj
 0002:00003348       ??_C@_15IJBHMCFL@?$AAa?$AAz?$AA?$AA@ 000000018000f348     libucrt:lcidtoname_downlevel.obj
 0002:00003350       ??_C@_15EKOFJABL@?$AAe?$AAu?$AA?$AA@ 000000018000f350     libucrt:lcidtoname_downlevel.obj
 0002:00003358       ??_C@_15BGHADCNK@?$AAm?$AAk?$AA?$AA@ 000000018000f358     libucrt:lcidtoname_downlevel.obj
 0002:00003360       ??_C@_15JDNICKHM@?$AAa?$AAf?$AA?$AA@ 000000018000f360     libucrt:lcidtoname_downlevel.obj
 0002:00003368       ??_C@_15KPJEDBKD@?$AAk?$AAa?$AA?$AA@ 000000018000f368     libucrt:lcidtoname_downlevel.obj
 0002:00003370       ??_C@_15PDNFFFEO@?$AAf?$AAo?$AA?$AA@ 000000018000f370     libucrt:lcidtoname_downlevel.obj
 0002:00003378       ??_C@_15OMLEGLOC@?$AAh?$AAi?$AA?$AA@ 000000018000f378     libucrt:lcidtoname_downlevel.obj
 0002:00003380       ??_C@_15IDNNENKK@?$AAm?$AAs?$AA?$AA@ 000000018000f380     libucrt:lcidtoname_downlevel.obj
 0002:00003388       ??_C@_15MACJNBMH@?$AAk?$AAk?$AA?$AA@ 000000018000f388     libucrt:lcidtoname_downlevel.obj
 0002:00003390       ??_C@_15DKDJEOND@?$AAk?$AAy?$AA?$AA@ 000000018000f390     libucrt:lcidtoname_downlevel.obj
 0002:00003398       ??_C@_15DFGDLJBG@?$AAs?$AAw?$AA?$AA@ 000000018000f398     libucrt:lcidtoname_downlevel.obj
 0002:000033a0       ??_C@_15BBFAICNG@?$AAu?$AAz?$AA?$AA@ 000000018000f3a0     libucrt:lcidtoname_downlevel.obj
 0002:000033a8       ??_C@_15DKNDCGEA@?$AAt?$AAt?$AA?$AA@ 000000018000f3a8     libucrt:lcidtoname_downlevel.obj
 0002:000033b0       ??_C@_15MGIFMDPL@?$AAp?$AAa?$AA?$AA@ 000000018000f3b0     libucrt:lcidtoname_downlevel.obj
 0002:000033b8       ??_C@_15HCNDBBA@?$AAg?$AAu?$AA?$AA@ 000000018000f3b8     libucrt:lcidtoname_downlevel.obj
 0002:000033c0       ??_C@_15FNBEIBON@?$AAt?$AAa?$AA?$AA@ 000000018000f3c0     libucrt:lcidtoname_downlevel.obj
 0002:000033c8       ??_C@_15NCHGBGLK@?$AAt?$AAe?$AA?$AA@ 000000018000f3c8     libucrt:lcidtoname_downlevel.obj
 0002:000033d0       ??_C@_15PHPHCBPF@?$AAk?$AAn?$AA?$AA@ 000000018000f3d0     libucrt:lcidtoname_downlevel.obj
 0002:000033d8       ??_C@_15DLGBCKMP@?$AAm?$AAr?$AA?$AA@ 000000018000f3d8     libucrt:lcidtoname_downlevel.obj
 0002:000033e0       ??_C@_15EABBLBFF@?$AAs?$AAa?$AA?$AA@ 000000018000f3e0     libucrt:lcidtoname_downlevel.obj
 0002:000033e8       ??_C@_15CBKOMCOI@?$AAm?$AAn?$AA?$AA@ 000000018000f3e8     libucrt:lcidtoname_downlevel.obj
 0002:000033f0       ??_C@_15CKDMCJAF@?$AAg?$AAl?$AA?$AA@ 000000018000f3f0     libucrt:lcidtoname_downlevel.obj
 0002:000033f8       ??_C@_17CNJFBPG@?$AAk?$AAo?$AAk?$AA?$AA@ 000000018000f3f8     libucrt:lcidtoname_downlevel.obj
 0002:00003400       ??_C@_17FFBJICPL@?$AAs?$AAy?$AAr?$AA?$AA@ 000000018000f400     libucrt:lcidtoname_downlevel.obj
 0002:00003408       ??_C@_17KPNDCPAF@?$AAd?$AAi?$AAv?$AA?$AA@ 000000018000f408     libucrt:lcidtoname_downlevel.obj
 0002:00003410       ??_C@_11LOCGONAA@?$AA?$AA@ 000000018000f410     libucrt:lcidtoname_downlevel.obj
 0002:00003418       ??_C@_1M@OKAHONE@?$AAa?$AAr?$AA?9?$AAS?$AAA?$AA?$AA@ 000000018000f418     libucrt:lcidtoname_downlevel.obj
 0002:00003428       ??_C@_1M@FFFIGIGK@?$AAb?$AAg?$AA?9?$AAB?$AAG?$AA?$AA@ 000000018000f428     libucrt:lcidtoname_downlevel.obj
 0002:00003438       ??_C@_1M@BJNKEDC@?$AAc?$AAa?$AA?9?$AAE?$AAS?$AA?$AA@ 000000018000f438     libucrt:lcidtoname_downlevel.obj
 0002:00003448       ??_C@_1M@IJJHFJHA@?$AAc?$AAs?$AA?9?$AAC?$AAZ?$AA?$AA@ 000000018000f448     libucrt:lcidtoname_downlevel.obj
 0002:00003458       ??_C@_1M@CLPEOBGI@?$AAd?$AAa?$AA?9?$AAD?$AAK?$AA?$AA@ 000000018000f458     libucrt:lcidtoname_downlevel.obj
 0002:00003468       ??_C@_1M@MCMADGCB@?$AAd?$AAe?$AA?9?$AAD?$AAE?$AA?$AA@ 000000018000f468     libucrt:lcidtoname_downlevel.obj
 0002:00003478       ??_C@_1M@OOCKEMAM@?$AAe?$AAl?$AA?9?$AAG?$AAR?$AA?$AA@ 000000018000f478     libucrt:lcidtoname_downlevel.obj
 0002:00003488       ??_C@_1M@DDNJFGID@?$AAf?$AAi?$AA?9?$AAF?$AAI?$AA?$AA@ 000000018000f488     libucrt:lcidtoname_downlevel.obj
 0002:00003498       ??_C@_1M@GLIPPMAC@?$AAf?$AAr?$AA?9?$AAF?$AAR?$AA?$AA@ 000000018000f498     libucrt:lcidtoname_downlevel.obj
 0002:000034a8       ??_C@_1M@GFMCHPE@?$AAh?$AAe?$AA?9?$AAI?$AAL?$AA?$AA@ 000000018000f4a8     libucrt:lcidtoname_downlevel.obj
 0002:000034b8       ??_C@_1M@MHLPGNKM@?$AAh?$AAu?$AA?9?$AAH?$AAU?$AA?$AA@ 000000018000f4b8     libucrt:lcidtoname_downlevel.obj
 0002:000034c8       ??_C@_1M@LPDDNNPN@?$AAi?$AAs?$AA?9?$AAI?$AAS?$AA?$AA@ 000000018000f4c8     libucrt:lcidtoname_downlevel.obj
 0002:000034d8       ??_C@_1M@MADIPODN@?$AAi?$AAt?$AA?9?$AAI?$AAT?$AA?$AA@ 000000018000f4d8     libucrt:lcidtoname_downlevel.obj
 0002:000034e8       ??_C@_1M@IHBJJGG@?$AAn?$AAl?$AA?9?$AAN?$AAL?$AA?$AA@ 000000018000f4e8     libucrt:lcidtoname_downlevel.obj
 0002:000034f8       ??_C@_1M@EANAGDL@?$AAn?$AAb?$AA?9?$AAN?$AAO?$AA?$AA@ 000000018000f4f8     libucrt:lcidtoname_downlevel.obj
 0002:00003508       ??_C@_1M@NEIEMEGP@?$AAp?$AAl?$AA?9?$AAP?$AAL?$AA?$AA@ 000000018000f508     libucrt:lcidtoname_downlevel.obj
 0002:00003518       ??_C@_1M@BOCFIGEP@?$AAp?$AAt?$AA?9?$AAB?$AAR?$AA?$AA@ 000000018000f518     libucrt:lcidtoname_downlevel.obj
 0002:00003528       ??_C@_1M@IMPFOPBG@?$AAr?$AAo?$AA?9?$AAR?$AAO?$AA?$AA@ 000000018000f528     libucrt:lcidtoname_downlevel.obj
 0002:00003538       ??_C@_1M@IDNNEJMM@?$AAr?$AAu?$AA?9?$AAR?$AAU?$AA?$AA@ 000000018000f538     libucrt:lcidtoname_downlevel.obj
 0002:00003548       ??_C@_1M@LILEEOGM@?$AAh?$AAr?$AA?9?$AAH?$AAR?$AA?$AA@ 000000018000f548     libucrt:lcidtoname_downlevel.obj
 0002:00003558       ??_C@_1M@FKIFEHPB@?$AAs?$AAk?$AA?9?$AAS?$AAK?$AA?$AA@ 000000018000f558     libucrt:lcidtoname_downlevel.obj
 0002:00003568       ??_C@_1M@LJMAMNPJ@?$AAs?$AAq?$AA?9?$AAA?$AAL?$AA?$AA@ 000000018000f568     libucrt:lcidtoname_downlevel.obj
 0002:00003578       ??_C@_1M@GIAKDKJK@?$AAs?$AAv?$AA?9?$AAS?$AAE?$AA?$AA@ 000000018000f578     libucrt:lcidtoname_downlevel.obj
 0002:00003588       ??_C@_1M@MKJKIKCL@?$AAt?$AAh?$AA?9?$AAT?$AAH?$AA?$AA@ 000000018000f588     libucrt:lcidtoname_downlevel.obj
 0002:00003598       ??_C@_1M@MFLCCMPB@?$AAt?$AAr?$AA?9?$AAT?$AAR?$AA?$AA@ 000000018000f598     libucrt:lcidtoname_downlevel.obj
 0002:000035a8       ??_C@_1M@OIJHDKJN@?$AAu?$AAr?$AA?9?$AAP?$AAK?$AA?$AA@ 000000018000f5a8     libucrt:lcidtoname_downlevel.obj
 0002:000035b8       ??_C@_1M@LHIPCIEK@?$AAi?$AAd?$AA?9?$AAI?$AAD?$AA?$AA@ 000000018000f5b8     libucrt:lcidtoname_downlevel.obj
 0002:000035c8       ??_C@_1M@MFMOBGI@?$AAu?$AAk?$AA?9?$AAU?$AAA?$AA?$AA@ 000000018000f5c8     libucrt:lcidtoname_downlevel.obj
 0002:000035d8       ??_C@_1M@OBGLJIPL@?$AAb?$AAe?$AA?9?$AAB?$AAY?$AA?$AA@ 000000018000f5d8     libucrt:lcidtoname_downlevel.obj
 0002:000035e8       ??_C@_1M@BCFAJEAD@?$AAs?$AAl?$AA?9?$AAS?$AAI?$AA?$AA@ 000000018000f5e8     libucrt:lcidtoname_downlevel.obj
 0002:000035f8       ??_C@_1M@FKFFEDDN@?$AAe?$AAt?$AA?9?$AAE?$AAE?$AA?$AA@ 000000018000f5f8     libucrt:lcidtoname_downlevel.obj
 0002:00003608       ??_C@_1M@KGKKAACI@?$AAl?$AAv?$AA?9?$AAL?$AAV?$AA?$AA@ 000000018000f608     libucrt:lcidtoname_downlevel.obj
 0002:00003618       ??_C@_1M@IFGBIJO@?$AAl?$AAt?$AA?9?$AAL?$AAT?$AA?$AA@ 000000018000f618     libucrt:lcidtoname_downlevel.obj
 0002:00003628       ??_C@_1M@FGEAHEDM@?$AAf?$AAa?$AA?9?$AAI?$AAR?$AA?$AA@ 000000018000f628     libucrt:lcidtoname_downlevel.obj
 0002:00003638       ??_C@_1M@KBMAIBFN@?$AAv?$AAi?$AA?9?$AAV?$AAN?$AA?$AA@ 000000018000f638     libucrt:lcidtoname_downlevel.obj
 0002:00003648       ??_C@_1M@GPCBKDJK@?$AAh?$AAy?$AA?9?$AAA?$AAM?$AA?$AA@ 000000018000f648     libucrt:lcidtoname_downlevel.obj
 0002:00003658       ??_C@_1BG@BECMDDJB@?$AAa?$AAz?$AA?9?$AAA?$AAZ?$AA?9?$AAL?$AAa?$AAt?$AAn?$AA?$AA@ 000000018000f658     libucrt:lcidtoname_downlevel.obj
 0002:00003670       ??_C@_1M@MAOFCAEA@?$AAe?$AAu?$AA?9?$AAE?$AAS?$AA?$AA@ 000000018000f670     libucrt:lcidtoname_downlevel.obj
 0002:00003680       ??_C@_1M@IGHABKPI@?$AAm?$AAk?$AA?9?$AAM?$AAK?$AA?$AA@ 000000018000f680     libucrt:lcidtoname_downlevel.obj
 0002:00003690       ??_C@_1M@IAIGNEJG@?$AAt?$AAn?$AA?9?$AAZ?$AAA?$AA?$AA@ 000000018000f690     libucrt:lcidtoname_downlevel.obj
 0002:000036a0       ??_C@_1M@IIJCOJFA@?$AAx?$AAh?$AA?9?$AAZ?$AAA?$AA?$AA@ 000000018000f6a0     libucrt:lcidtoname_downlevel.obj
 0002:000036b0       ??_C@_1M@LGPJHNJH@?$AAz?$AAu?$AA?9?$AAZ?$AAA?$AA?$AA@ 000000018000f6b0     libucrt:lcidtoname_downlevel.obj
 0002:000036c0       ??_C@_1M@HOKAOIO@?$AAa?$AAf?$AA?9?$AAZ?$AAA?$AA?$AA@ 000000018000f6c0     libucrt:lcidtoname_downlevel.obj
 0002:000036d0       ??_C@_1M@DPCLHLIE@?$AAk?$AAa?$AA?9?$AAG?$AAE?$AA?$AA@ 000000018000f6d0     libucrt:lcidtoname_downlevel.obj
 0002:000036e0       ??_C@_1M@BLKMHJBI@?$AAf?$AAo?$AA?9?$AAF?$AAO?$AA?$AA@ 000000018000f6e0     libucrt:lcidtoname_downlevel.obj
 0002:000036f0       ??_C@_1M@LGGJAPPB@?$AAh?$AAi?$AA?9?$AAI?$AAN?$AA?$AA@ 000000018000f6f0     libucrt:lcidtoname_downlevel.obj
 0002:00003700       ??_C@_1M@FIKPIHFE@?$AAm?$AAt?$AA?9?$AAM?$AAT?$AA?$AA@ 000000018000f700     libucrt:lcidtoname_downlevel.obj
 0002:00003710       ??_C@_1M@HEGGPBFA@?$AAs?$AAe?$AA?9?$AAN?$AAO?$AA?$AA@ 000000018000f710     libucrt:lcidtoname_downlevel.obj
 0002:00003720       ??_C@_1M@EIBJEEPA@?$AAm?$AAs?$AA?9?$AAM?$AAY?$AA?$AA@ 000000018000f720     libucrt:lcidtoname_downlevel.obj
 0002:00003730       ??_C@_1M@FHLBGMPP@?$AAk?$AAk?$AA?9?$AAK?$AAZ?$AA?$AA@ 000000018000f730     libucrt:lcidtoname_downlevel.obj
 0002:00003740       ??_C@_1M@NGJJLCGI@?$AAk?$AAy?$AA?9?$AAK?$AAG?$AA?$AA@ 000000018000f740     libucrt:lcidtoname_downlevel.obj
 0002:00003750       ??_C@_1M@GIENNBFC@?$AAs?$AAw?$AA?9?$AAK?$AAE?$AA?$AA@ 000000018000f750     libucrt:lcidtoname_downlevel.obj
 0002:00003760       ??_C@_1BG@NDGMJIMJ@?$AAu?$AAz?$AA?9?$AAU?$AAZ?$AA?9?$AAL?$AAa?$AAt?$AAn?$AA?$AA@ 000000018000f760     libucrt:lcidtoname_downlevel.obj
 0002:00003778       ??_C@_1M@IDCCIHBC@?$AAt?$AAt?$AA?9?$AAR?$AAU?$AA?$AA@ 000000018000f778     libucrt:lcidtoname_downlevel.obj
[...]
 0004:000006d8       $pdata$_recalloc_base      00000001800176d8     libucrt:recalloc.obj
 0004:000006e4       $pdata$?try_get_function@@YAPEAXW4function_id@?A0x391cf84c@@QEBDQEBW4module_id@2@2@Z 00000001800176e4     libucrt:winapi_thunks.obj
 0004:000006f0       $pdata$__acrt_AppPolicyGetProcessTerminationMethodInternal 00000001800176f0     libucrt:winapi_thunks.obj
 0004:000006fc       $pdata$__acrt_FlsAlloc     00000001800176fc     libucrt:winapi_thunks.obj
 0004:00000708       $pdata$__acrt_FlsFree      0000000180017708     libucrt:winapi_thunks.obj
 0004:00000714       $pdata$__acrt_FlsGetValue  0000000180017714     libucrt:winapi_thunks.obj
 0004:00000720       $pdata$__acrt_FlsSetValue  0000000180017720     libucrt:winapi_thunks.obj
 0004:0000072c       $pdata$__acrt_InitializeCriticalSectionEx 000000018001772c     libucrt:winapi_thunks.obj
 0004:00000738       $pdata$__acrt_LCMapStringEx 0000000180017738     libucrt:winapi_thunks.obj
 0004:00000744       $pdata$__acrt_LocaleNameToLCID 0000000180017744     libucrt:winapi_thunks.obj
 0004:00000750       $pdata$__acrt_initialize_winapi_thunks 0000000180017750     libucrt:winapi_thunks.obj
 0004:0000075c       $pdata$__acrt_uninitialize_winapi_thunks 000000018001775c     libucrt:winapi_thunks.obj
 0004:00000768       $pdata$__acrt_initialize_heap 0000000180017768     libucrt:heap_handle.obj
 0004:00000774       $pdata$?initialize_inherited_file_handles_nolock@@YAXXZ 0000000180017774     libucrt:ioinit.obj
 0004:00000780       $pdata$?initialize_stdio_handles_nolock@@YAXXZ 0000000180017780     libucrt:ioinit.obj
 0004:0000078c       $pdata$__acrt_initialize_lowio 000000018001778c     libucrt:ioinit.obj
 0004:00000798       $pdata$__acrt_uninitialize_lowio 0000000180017798     libucrt:ioinit.obj
 0004:000007a4       $pdata$__acrt_execute_initializers 00000001800177a4     libucrt:shared_initialization.obj
 0004:000007b0       $pdata$__acrt_execute_uninitializers 00000001800177b0     libucrt:shared_initialization.obj
 0004:000007bc       $pdata$_callnewh           00000001800177bc     libucrt:new_handler.obj
 0004:000007c8       $pdata$_query_new_handler  00000001800177c8     libucrt:new_handler.obj
 0004:000007d4       $pdata$??$?RV<lambda_450d765d439847d4c735a33c368b5fc0>@@AEAV<lambda_44731a7d0e6d81c3e6aa82d741081786>@@V<lambda_601a2a7da3b7a96e9554ac7215c4b07c>@@@?$__crt_seh_guarded_call@P6AXH@Z@@QEAAP6AXH@Z$$QEAV<lambda_450d765d439847d4c735a33c368b5fc0>@@AEAV<lambda_44731a7d0e6d81c3e6aa82d741081786>@@$$QEAV<lambda_601a2a7da3b7a96e9554ac7215c4b07c>@@@Z 00000001800177d4     libucrt:signal.obj
 0004:000007e0       $pdata$__acrt_get_sigabrt_handler 00000001800177e0     libucrt:signal.obj
 0004:000007ec       $pdata$raise               00000001800177ec     libucrt:signal.obj
 0004:000007f8       $pdata$_mbtowc_l           00000001800177f8     libucrt:mbtowc.obj
 0004:00000804       $pdata$_fileno             0000000180017804     libucrt:fileno.obj
 0004:00000810       $pdata$__acrt_initialize_stdio 0000000180017810     libucrt:_file.obj
 0004:0000081c       $pdata$__acrt_uninitialize_stdio 000000018001781c     libucrt:_file.obj
 0004:00000828       $pdata$__pctype_func       0000000180017828     libucrt:ctype.obj
 0004:00000834       $pdata$_isctype_l          0000000180017834     libucrt:isctype.obj
 0004:00000840       $pdata$_isleadbyte_l       0000000180017840     libucrt:_wctype.obj
 0004:0000084c       $pdata$?__acrt_LCMapStringA_stat@@YAHPEAU__crt_locale_pointers@@PEB_WKPEBDHPEADHHH@Z 000000018001784c     libucrt:lcmapstringa.obj
 0004:00000858       $pdata$__acrt_LCMapStringA 0000000180017858     libucrt:lcmapstringa.obj
 0004:00000864       $pdata$__acrt_free_locale  0000000180017864     libucrt:locale_refcounting.obj
 0004:00000870       $pdata$__acrt_locale_free_lc_time_if_unreferenced 0000000180017870     libucrt:locale_refcounting.obj
 0004:0000087c       $pdata$__acrt_release_locale_ref 000000018001787c     libucrt:locale_refcounting.obj
 0004:00000888       $pdata$__acrt_update_thread_locale_data 0000000180017888     libucrt:locale_refcounting.obj
 0004:00000894       $pdata$_updatetlocinfoEx_nolock 0000000180017894     libucrt:locale_refcounting.obj
 0004:000008a0       $pdata$__acrt_locale_free_monetary 00000001800178a0     libucrt:initmon.obj
 0004:000008ac       $pdata$__acrt_locale_free_numeric 00000001800178ac     libucrt:initnum.obj
 0004:000008b8       $pdata$?free_crt_array_internal@@YAXQEAPEBX_K@Z 00000001800178b8     libucrt:inittime.obj
 0004:000008c4       $pdata$__acrt_locale_free_time 00000001800178c4     libucrt:inittime.obj
 0004:000008d0       $pdata$__acrt_GetStringTypeA 00000001800178d0     libucrt:getstringtypea.obj
 0004:000008dc       $pdata$?shortsort@@YAXPEAD0_KP6AHPEBX2@Z@Z 00000001800178dc     libucrt:qsort.obj
 0004:000008e8       $pdata$2$?shortsort@@YAXPEAD0_KP6AHPEBX2@Z@Z 00000001800178e8     libucrt:qsort.obj
 0004:000008f4       $pdata$3$?shortsort@@YAXPEAD0_KP6AHPEBX2@Z@Z 00000001800178f4     libucrt:qsort.obj
 0004:00000900       $pdata$qsort               0000000180017900     libucrt:qsort.obj
 0004:0000090c       $pdata$4$qsort             000000018001790c     libucrt:qsort.obj
 0004:00000918       $pdata$5$qsort             0000000180017918     libucrt:qsort.obj
 0004:00000924       $pdata$strncpy_s           0000000180017924     libucrt:strncpy_s.obj
 0004:00000930       $pdata$strpbrk             0000000180017930     libucrt:strpbrk.obj
 0004:0000093c       $pdata$_mbsdec_l           000000018001793c     libucrt:mbsdec.obj
 0004:00000948       $pdata$?initialize_multibyte@@YAHXZ 0000000180017948     libucrt:multibyte_initializer.obj
 0004:00000954       $pdata$_msize_base         0000000180017954     libucrt:msize.obj
 0004:00000960       $pdata$_realloc_base       0000000180017960     libucrt:realloc_base.obj
 0004:0000096c       $pdata$?GetTableIndexFromLocaleName@@YAHPEB_W@Z 000000018001796c     libucrt:lcidtoname_downlevel.obj
 0004:00000978       $pdata$__acrt_DownlevelLocaleNameToLCID 0000000180017978     libucrt:lcidtoname_downlevel.obj
 0004:00000984       $pdata$__acrt_lowio_create_handle_array 0000000180017984     libucrt:osfinfo.obj
 0004:00000990       $pdata$__acrt_lowio_destroy_handle_array 0000000180017990     libucrt:osfinfo.obj
 0004:0000099c       $pdata$__acrt_lowio_ensure_fh_exists 000000018001799c     libucrt:osfinfo.obj
 0004:000009a8       $pdata$_free_osfhnd        00000001800179a8     libucrt:osfinfo.obj
 0004:000009b4       $pdata$_get_osfhandle      00000001800179b4     libucrt:osfinfo.obj
 0004:000009c0       $pdata$_isatty             00000001800179c0     libucrt:isatty.obj
 0004:000009cc       $pdata$??$?RV<lambda_842d9ff0dc9ef11c61343bbaebe7f885>@@AEAV<lambda_c5860995281e5c4ce005b3de8f5874ee>@@V<lambda_d90129c13df834fdcbf8d2b88dafcf2d>@@@?$__crt_seh_guarded_call@X@@QEAAX$$QEAV<lambda_842d9ff0dc9ef11c61343bbaebe7f885>@@AEAV<lambda_c5860995281e5c4ce005b3de8f5874ee>@@$$QEAV<lambda_d90129c13df834fdcbf8d2b88dafcf2d>@@@Z 00000001800179cc     libucrt:fflush.obj
 0004:000009d8       $pdata$??$?RV<lambda_886d6c58226a84441f68b9f2b8217b83>@@AEAV<lambda_ab61a845afdef5b7c387490eaf3616ee>@@V<lambda_f7f22ab5edc0698d5f6905b0d3f44752>@@@?$__crt_seh_guarded_call@X@@QEAAX$$QEAV<lambda_886d6c58226a84441f68b9f2b8217b83>@@AEAV<lambda_ab61a845afdef5b7c387490eaf3616ee>@@$$QEAV<lambda_f7f22ab5edc0698d5f6905b0d3f44752>@@@Z 00000001800179d8     libucrt:fflush.obj
 0004:000009e4       $pdata$?common_flush_all@@YAH_N@Z 00000001800179e4     libucrt:fflush.obj
 0004:000009f0       $pdata$__acrt_stdio_flush_nolock 00000001800179f0     libucrt:fflush.obj
 0004:000009fc       $pdata$_fflush_nolock      00000001800179fc     libucrt:fflush.obj
 0004:00000a08       $pdata$_fcloseall          0000000180017a08     libucrt:closeall.obj
 0004:00000a14       $pdata$__acrt_stdio_free_buffer_nolock 0000000180017a14     libucrt:_freebuf.obj
 0004:00000a20       $pdata$??$?RV<lambda_a37b2b86f63e897a80ea819b0eb08c01>@@AEAV<lambda_38ce7e780aa69e748d6df282ebc68efe>@@V<lambda_99fb1378e971ab6e7edea83e3a7a83a2>@@@?$__crt_seh_guarded_call@H@@QEAAH$$QEAV<lambda_a37b2b86f63e897a80ea819b0eb08c01>@@AEAV<lambda_38ce7e780aa69e748d6df282ebc68efe>@@$$QEAV<lambda_99fb1378e971ab6e7edea83e3a7a83a2>@@@Z 0000000180017a20     libucrt:commit.obj
 0004:00000a2c       $pdata$_commit             0000000180017a2c     libucrt:commit.obj
 0004:00000a38       $pdata$?write_double_translated_ansi_nolock@@YA?AUwrite_result@?A0x17268360@@HQEBDI@Z 0000000180017a38     libucrt:write.obj
 0004:00000a44       $pdata$?write_requires_double_translation_nolock@@YA_NH@Z 0000000180017a44     libucrt:write.obj
 0004:00000a50       $pdata$?write_text_ansi_nolock@@YA?AUwrite_result@?A0x17268360@@HQEBDI@Z 0000000180017a50     libucrt:write.obj
 0004:00000a5c       $pdata$?write_text_utf16le_nolock@@YA?AUwrite_result@?A0x17268360@@HQEBDI@Z 0000000180017a5c     libucrt:write.obj
 0004:00000a68       $pdata$?write_text_utf8_nolock@@YA?AUwrite_result@?A0x17268360@@HQEBDI@Z 0000000180017a68     libucrt:write.obj
 0004:00000a74       $pdata$_write              0000000180017a74     libucrt:write.obj
 0004:00000a80       $pdata$_write_nolock       0000000180017a80     libucrt:write.obj
 0004:00000a98       $pdata$??$common_lseek_nolock@_J@@YA_JH_JH@Z 0000000180017a98     libucrt:lseek.obj
 0004:00000aa4       $pdata$_fclose_nolock      0000000180017aa4     libucrt:fclose.obj
 0004:00000ab0       $pdata$fclose              0000000180017ab0     libucrt:fclose.obj
 0004:00000abc       $pdata$_putwch_nolock      0000000180017abc     libucrt:putwch.obj
 0004:00000ac8       $pdata$_call_matherr       0000000180017ac8     libucrt:libm_error.obj
 0004:00000ad4       $pdata$_exception_enabled  0000000180017ad4     libucrt:libm_error.obj
 0004:00000ae0       $pdata$_handle_error       0000000180017ae0     libucrt:libm_error.obj
 0004:00000aec       $pdata$__acrt_initialize_fma3 0000000180017aec     libucrt:fma3_available.obj
 0004:00000af8       $pdata$_log10_special      0000000180017af8     libucrt:log_special.obj
 0004:00000b04       $pdata$_log_special_common 0000000180017b04     libucrt:log_special.obj
 0004:00000b10       $pdata$??$?RV<lambda_751a882b2c74d4b022dec766aa51a29a>@@AEAV<lambda_628dfdc04ba53c8bfc02c9951375f3f5>@@V<lambda_f6c7be5f7998530c34de24c7437d6b54>@@@?$__crt_seh_guarded_call@H@@QEAAH$$QEAV<lambda_751a882b2c74d4b022dec766aa51a29a>@@AEAV<lambda_628dfdc04ba53c8bfc02c9951375f3f5>@@$$QEAV<lambda_f6c7be5f7998530c34de24c7437d6b54>@@@Z 0000000180017b10     libucrt:close.obj
 0004:00000b1c       $pdata$_close              0000000180017b1c     libucrt:close.obj
 0004:00000b28       $pdata$_close_nolock       0000000180017b28     libucrt:close.obj
 0004:00000b34       $pdata$__dcrt_lowio_ensure_console_output_initialized 0000000180017b34     libucrt:initcon.obj
 0004:00000b40       $pdata$__dcrt_terminate_console_output 0000000180017b40     libucrt:initcon.obj
 0004:00000b4c       $pdata$__dcrt_write_console_w 0000000180017b4c     libucrt:initcon.obj
 0004:00000b64       $pdata$_raise_exc          0000000180017b64     libucrt:fpexcept.obj
 0004:00000b70       $pdata$_raise_exc_ex       0000000180017b70     libucrt:fpexcept.obj
 0004:00000b7c       $pdata$_set_errno_from_matherr 0000000180017b7c     libucrt:fpexcept.obj
 0004:00000b88       $pdata$_clrfp              0000000180017b88     libucrt:fpctrl.obj
 0004:00000b94       $pdata$_ctrlfp             0000000180017b94     libucrt:fpctrl.obj
 0004:00000ba0       $pdata$_set_statfp         0000000180017ba0     libucrt:fpctrl.obj
 0004:00000bac       $pdata$_statfp             0000000180017bac     libucrt:fpctrl.obj
 0004:00000bb8       $pdata$?DloadAcquireSectionWriteAccess@@YAXXZ 0000000180017bb8     DelayImp:delayhlp.obj
 0004:00000bc4       $pdata$?DloadGetSRWLockFunctionPointers@@YAEXZ 0000000180017bc4     DelayImp:delayhlp.obj
 0004:00000bd0       $pdata$?DloadMakePermanentImageCommit@@YAXPEAX_K@Z 0000000180017bd0     DelayImp:delayhlp.obj
 0004:00000bdc       $pdata$?DloadObtainSection@@YAPEAXPEAK0@Z 0000000180017bdc     DelayImp:delayhlp.obj
 0004:00000be8       $pdata$?DloadProtectSection@@YAXKPEAK@Z 0000000180017be8     DelayImp:delayhlp.obj
 0004:00000bf4       $pdata$?DloadReleaseSectionWriteAccess@@YAXXZ 0000000180017bf4     DelayImp:delayhlp.obj
 0004:00000c00       $pdata$__delayLoadHelper2  0000000180017c00     DelayImp:delayhlp.obj
 0004:00000c0c       $pdata$_IsNonwritableInCurrentImage 0000000180017c0c     LIBCMT:pesect.obj
 0004:00000c18       $pdata$__GSHandlerCheck    0000000180017c18     LIBCMT:_gshandler_.obj
 0004:00000c24       $pdata$__GSHandlerCheckCommon 0000000180017c24     LIBCMT:_gshandler_.obj
 0004:00000c90       $pdata$?fin$0@?0??dllmain_crt_process_attach@@YAHQEAUHINSTANCE__@@QEAX@Z@4HA 0000000180017c90     LIBCMT:dll_dllmain.obj
 0004:00000c9c       $pdata$?fin$0@?0??dllmain_crt_process_detach@@YAH_N@Z@4HA 0000000180017c9c     LIBCMT:dll_dllmain.obj
 0004:00000ca8       $pdata$?filt$0@?0??dllmain_dispatch@@YAHQEAUHINSTANCE__@@KQEAX@Z@4HA 0000000180017ca8     LIBCMT:dll_dllmain.obj
 0004:00000cb4       $pdata$__scrt_is_nonwritable_in_current_image$filt$0 0000000180017cb4     LIBCMT:utility.obj
 0004:00000cc0       $pdata$?filt$0@?0???R<lambda_6e4b09c48022b2350581041d5f6b0c4c>@@QEBA@XZ@4HA 0000000180017cc0     libucrt:exit.obj
 0004:00000ccc       $pdata$?fin$0@?0???$?RV<lambda_410d79af7f07d98d83a3f525b3859a53>@@AEAV<lambda_3e16ef9562a7dcce91392c22ab16ea36>@@V<lambda_38119f0e861e05405d8a144b9b982f0a>@@@?$__crt_seh_guarded_call@X@@QEAAX$$QEAV<lambda_410d79af7f07d98d83a3f525b3859a53>@@AEAV<lambda_3e16ef9562a7dcce91392c22ab16ea36>@@$$QEAV<lambda_38119f0e861e05405d8a144b9b982f0a>@@@Z@4HA 0000000180017ccc     libucrt:wsetlocale.obj
 0004:00000cd8       $pdata$?fin$0@?0???$?RV<lambda_450d765d439847d4c735a33c368b5fc0>@@AEAV<lambda_44731a7d0e6d81c3e6aa82d741081786>@@V<lambda_601a2a7da3b7a96e9554ac7215c4b07c>@@@?$__crt_seh_guarded_call@P6AXH@Z@@QEAAP6AXH@Z$$QEAV<lambda_450d765d439847d4c735a33c368b5fc0>@@AEAV<lambda_44731a7d0e6d81c3e6aa82d741081786>@@$$QEAV<lambda_601a2a7da3b7a96e9554ac7215c4b07c>@@@Z@4HA 0000000180017cd8     libucrt:signal.obj
 0004:00000cd8       $pdata$?fin$0@?0???$?RV<lambda_d80eeec6fff315bfe5c115232f3240e3>@@AEAV<lambda_6e4b09c48022b2350581041d5f6b0c4c>@@V<lambda_2358e3775559c9db80273638284d5e45>@@@?$__crt_seh_guarded_call@X@@QEAAX$$QEAV<lambda_d80eeec6fff315bfe5c115232f3240e3>@@AEAV<lambda_6e4b09c48022b2350581041d5f6b0c4c>@@$$QEAV<lambda_2358e3775559c9db80273638284d5e45>@@@Z@4HA 0000000180017cd8     libucrt:exit.obj
 0004:00000cd8       $pdata$?fin$0@?0???$?RV<lambda_2d41944a1d46af3157314b8a01080d33>@@AEAV<lambda_8f455de75cd7d7f24b4096f044d8b9e6>@@V<lambda_aa500f224e6afead328df44964fe2772>@@@?$__crt_seh_guarded_call@X@@QEAAX$$QEAV<lambda_2d41944a1d46af3157314b8a01080d33>@@AEAV<lambda_8f455de75cd7d7f24b4096f044d8b9e6>@@$$QEAV<lambda_aa500f224e6afead328df44964fe2772>@@@Z@4HA 0000000180017cd8     libucrt:per_thread_data.obj
 0004:00000cd8       $pdata$?fin$0@?0???$?RV<lambda_f2e299630e499de9f9a165e60fcd3db5>@@AEAV<lambda_2ae9d31cdba2644fcbeaf08da7c24588>@@V<lambda_40d01ff24d0e7b3814fdbdcee8eab3c7>@@@?$__crt_seh_guarded_call@X@@QEAAX$$QEAV<lambda_f2e299630e499de9f9a165e60fcd3db5>@@AEAV<lambda_2ae9d31cdba2644fcbeaf08da7c24588>@@$$QEAV<lambda_40d01ff24d0e7b3814fdbdcee8eab3c7>@@@Z@4HA 0000000180017cd8     libucrt:per_thread_data.obj
 0004:00000cd8       $pdata$?fin$0@?0???$?RV<lambda_aa87e3671a710a21b5dc78c0bdf72e11>@@AEAV<lambda_92619d2358a28f41a33ba319515a20b9>@@V<lambda_6992ecaafeb10aed2b74cb1fae11a551>@@@?$__crt_seh_guarded_call@X@@QEAAX$$QEAV<lambda_aa87e3671a710a21b5dc78c0bdf72e11>@@AEAV<lambda_92619d2358a28f41a33ba319515a20b9>@@$$QEAV<lambda_6992ecaafeb10aed2b74cb1fae11a551>@@@Z@4HA 0000000180017cd8     libucrt:per_thread_data.obj
 0004:00000cd8       $pdata$?fin$0@?0???$?RV<lambda_0ae27a3a962d80f24befdcbee591983d>@@AEAV<lambda_8d0ee55de4b1038c4002e0adecdf1839>@@V<lambda_dc504788e8f1664fe9b84e20bfb512f2>@@@?$__crt_seh_guarded_call@X@@QEAAX$$QEAV<lambda_0ae27a3a962d80f24befdcbee591983d>@@AEAV<lambda_8d0ee55de4b1038c4002e0adecdf1839>@@$$QEAV<lambda_dc504788e8f1664fe9b84e20bfb512f2>@@@Z@4HA 0000000180017cd8     libucrt:per_thread_data.obj
 0004:00000cd8       $pdata$?fin$0@?0???$?RV<lambda_efdfa57d1f175319df784efa44bb7b81>@@AEAV<lambda_5f0a4c1567f8adc6734073e5d1e1b35c>@@V<lambda_2e8a7d3640ea6ccb4c2413664c2db6fd>@@@?$__crt_seh_guarded_call@X@@QEAAX$$QEAV<lambda_efdfa57d1f175319df784efa44bb7b81>@@AEAV<lambda_5f0a4c1567f8adc6734073e5d1e1b35c>@@$$QEAV<lambda_2e8a7d3640ea6ccb4c2413664c2db6fd>@@@Z@4HA 0000000180017cd8     libucrt:mbctype.obj
 0004:00000cd8       $pdata$?fin$0@?0???$?RV<lambda_7777bce6b2f8c936911f934f8298dc43>@@AEAV<lambda_f03950bc5685219e0bcd2087efbe011e>@@V<lambda_3883c3dff614d5e0c5f61bb1ac94921c>@@@?$__crt_seh_guarded_call@H@@QEAAH$$QEAV<lambda_7777bce6b2f8c936911f934f8298dc43>@@AEAV<lambda_f03950bc5685219e0bcd2087efbe011e>@@$$QEAV<lambda_3883c3dff614d5e0c5f61bb1ac94921c>@@@Z@4HA 0000000180017cd8     libucrt:onexit.obj
 0004:00000ce4       $pdata$?fin$0@?0??update_thread_multibyte_data_internal@@YAPEAU__crt_multibyte_data@@QEAU__acrt_ptd@@QEAU1@@Z@4HA 0000000180017ce4     libucrt:mbctype.obj
 0004:00000cf0       $pdata$_query_new_handler$fin$0 0000000180017cf0     libucrt:new_handler.obj
 0004:00000cfc       $pdata$raise$fin$0         0000000180017cfc     libucrt:signal.obj
 0004:00000d08       $pdata$__acrt_update_thread_locale_data$fin$0 0000000180017d08     libucrt:locale_refcounting.obj
 0004:00000d14       $pdata$__acrt_lowio_ensure_fh_exists$fin$0 0000000180017d14     libucrt:osfinfo.obj
 0004:00000d14       $pdata$__acrt_initialize_lowio$fin$0 0000000180017d14     libucrt:ioinit.obj
 0004:00000d20       $pdata$?fin$0@?0???$?RV<lambda_842d9ff0dc9ef11c61343bbaebe7f885>@@AEAV<lambda_c5860995281e5c4ce005b3de8f5874ee>@@V<lambda_d90129c13df834fdcbf8d2b88dafcf2d>@@@?$__crt_seh_guarded_call@X@@QEAAX$$QEAV<lambda_842d9ff0dc9ef11c61343bbaebe7f885>@@AEAV<lambda_c5860995281e5c4ce005b3de8f5874ee>@@$$QEAV<lambda_d90129c13df834fdcbf8d2b88dafcf2d>@@@Z@4HA 0000000180017d20     libucrt:fflush.obj
 0004:00000d2c       $pdata$?fin$0@?0???$?RV<lambda_886d6c58226a84441f68b9f2b8217b83>@@AEAV<lambda_ab61a845afdef5b7c387490eaf3616ee>@@V<lambda_f7f22ab5edc0698d5f6905b0d3f44752>@@@?$__crt_seh_guarded_call@X@@QEAAX$$QEAV<lambda_886d6c58226a84441f68b9f2b8217b83>@@AEAV<lambda_ab61a845afdef5b7c387490eaf3616ee>@@$$QEAV<lambda_f7f22ab5edc0698d5f6905b0d3f44752>@@@Z@4HA 0000000180017d2c     libucrt:fflush.obj
 0004:00000d38       $pdata$_fcloseall$fin$0    0000000180017d38     libucrt:closeall.obj
 0004:00000d44       $pdata$?fin$0@?0???$?RV<lambda_a37b2b86f63e897a80ea819b0eb08c01>@@AEAV<lambda_38ce7e780aa69e748d6df282ebc68efe>@@V<lambda_99fb1378e971ab6e7edea83e3a7a83a2>@@@?$__crt_seh_guarded_call@H@@QEAAH$$QEAV<lambda_a37b2b86f63e897a80ea819b0eb08c01>@@AEAV<lambda_38ce7e780aa69e748d6df282ebc68efe>@@$$QEAV<lambda_99fb1378e971ab6e7edea83e3a7a83a2>@@@Z@4HA 0000000180017d44     libucrt:commit.obj
 0004:00000d44       $pdata$?fin$0@?0???$?RV<lambda_751a882b2c74d4b022dec766aa51a29a>@@AEAV<lambda_628dfdc04ba53c8bfc02c9951375f3f5>@@V<lambda_f6c7be5f7998530c34de24c7437d6b54>@@@?$__crt_seh_guarded_call@H@@QEAAH$$QEAV<lambda_751a882b2c74d4b022dec766aa51a29a>@@AEAV<lambda_628dfdc04ba53c8bfc02c9951375f3f5>@@$$QEAV<lambda_f6c7be5f7998530c34de24c7437d6b54>@@@Z@4HA 0000000180017d44     libucrt:close.obj
 0004:00000d50       $pdata$_write$fin$0        0000000180017d50     libucrt:write.obj
 0004:00000d5c       $pdata$fclose$fin$0        0000000180017d5c     libucrt:fclose.obj
 0004:00000d68       $pdata$_ctrlfp$filt$0      0000000180017d68     libucrt:fpctrl.obj
 0004:00000d74       $pdata$_IsNonwritableInCurrentImage$filt$0 0000000180017d74     LIBCMT:pesect.obj
 0005:00000060       $R000000                   0000000180018060     * linker generated manifest res *

 Exports

  ordinal    name

        1    _register_addon_
